Warning[w6]: Type conflict for external/entry "vMBMasterGetRTUSndBuf", in module main against external/entry in module mbrtu_m; prototyped function vs K&R function
  /* In module main: */
  /* K&R Function, args 0, attr 0 */
  int (__version_3 vMBMasterGetRTUSndBuf)();
  /* In module mbrtu_m: */
  /* Function, args 1, attr 0 */
  void (__version_3 vMBMasterGetRTUSndBuf)(UCHAR * *);
    typedef unsigned char UCHAR;
################################################################################
#                                                                              #
#      IAR Universal Linker V5.8.0.42                                          #
#                                                                              #
#           Link time     =  10/Sep/2015  17:31:44                             #
#           Target CPU    =  A90                                               #
#           List file     =  E:\³ÂÊÀºÀ\¹¤×÷\Î¢ÐÍ»úÆ÷ÈË\ÏîÄ¿¹¤³Ì\ÊÖ³Ö²Ù×÷ºÐ\³ÌÐ #
#                            òÎÄ¼þ\eRobo-100eRobo-100HandheldOperationBox\IAR_ #
#                            WorkSpace\Debug\List\ER-100ÊÖ³Ö²Ù×÷ºÐ.map         #
#           Output file 1 =  E:\³ÂÊÀºÀ\¹¤×÷\Î¢ÐÍ»úÆ÷ÈË\ÏîÄ¿¹¤³Ì\ÊÖ³Ö²Ù×÷ºÐ\³ÌÐ #
#                            òÎÄ¼þ\eRobo-100eRobo-100HandheldOperationBox\IAR_ #
#                            WorkSpace\Debug\Exe\ER-100ÊÖ³Ö²Ù×÷ºÐ.hex          #
#                            Format: intel-extended, variant: -y(CODE)         #
#           Output file 2 =  E:\³ÂÊÀºÀ\¹¤×÷\Î¢ÐÍ»úÆ÷ÈË\ÏîÄ¿¹¤³Ì\ÊÖ³Ö²Ù×÷ºÐ\³ÌÐ #
#                            òÎÄ¼þ\eRobo-100eRobo-100HandheldOperationBox\IAR_ #
#                            WorkSpace\Debug\Exe\ER-100ÊÖ³Ö²Ù×÷ºÐ.eep          #
#                            Format: intel-extended, variant: -y(XDATA)        #
#           Output file 3 =  E:\³ÂÊÀºÀ\¹¤×÷\Î¢ÐÍ»úÆ÷ÈË\ÏîÄ¿¹¤³Ì\ÊÖ³Ö²Ù×÷ºÐ\³ÌÐ #
#                            òÎÄ¼þ\eRobo-100eRobo-100HandheldOperationBox\IAR_ #
#                            WorkSpace\Debug\Exe\ER-100ÊÖ³Ö²Ù×÷ºÐ.d90          #
#                            Format: debug                                     #
#                            UBROF version 10.0.6                              #
#                            Using library modules for C-SPY (-rt)             #
#           Command line  =  -Ointel-extended,(CODE)=.hex                      #
#                            -Ointel-extended,(XDATA)=.eep                     #
#                            E:\³ÂÊÀºÀ\¹¤×÷\Î¢ÐÍ»úÆ÷ÈË\ÏîÄ¿¹¤³Ì\ÊÖ³Ö²Ù×÷ºÐ\³ÌÐ #
#                            òÎÄ¼þ\eRobo-100eRobo-100HandheldOperationBox\IAR_ #
#                            WorkSpace\Debug\Obj\heap_1.r90                    #
#                            E:\³ÂÊÀºÀ\¹¤×÷\Î¢ÐÍ»úÆ÷ÈË\ÏîÄ¿¹¤³Ì\ÊÖ³Ö²Ù×÷ºÐ\³ÌÐ #
#                            òÎÄ¼þ\eRobo-100eRobo-100HandheldOperationBox\IAR_ #
#                            WorkSpace\Debug\Obj\IO_Port.r90                   #
#                            E:\³ÂÊÀºÀ\¹¤×÷\Î¢ÐÍ»úÆ÷ÈË\ÏîÄ¿¹¤³Ì\ÊÖ³Ö²Ù×÷ºÐ\³ÌÐ #
#                            òÎÄ¼þ\eRobo-100eRobo-100HandheldOperationBox\IAR_ #
#                            WorkSpace\Debug\Obj\LCD12864.r90                  #
#                            E:\³ÂÊÀºÀ\¹¤×÷\Î¢ÐÍ»úÆ÷ÈË\ÏîÄ¿¹¤³Ì\ÊÖ³Ö²Ù×÷ºÐ\³ÌÐ #
#                            òÎÄ¼þ\eRobo-100eRobo-100HandheldOperationBox\IAR_ #
#                            WorkSpace\Debug\Obj\list.r90                      #
#                            E:\³ÂÊÀºÀ\¹¤×÷\Î¢ÐÍ»úÆ÷ÈË\ÏîÄ¿¹¤³Ì\ÊÖ³Ö²Ù×÷ºÐ\³ÌÐ #
#                            òÎÄ¼þ\eRobo-100eRobo-100HandheldOperationBox\IAR_ #
#                            WorkSpace\Debug\Obj\main.r90                      #
#                            E:\³ÂÊÀºÀ\¹¤×÷\Î¢ÐÍ»úÆ÷ÈË\ÏîÄ¿¹¤³Ì\ÊÖ³Ö²Ù×÷ºÐ\³ÌÐ #
#                            òÎÄ¼þ\eRobo-100eRobo-100HandheldOperationBox\IAR_ #
#                            WorkSpace\Debug\Obj\mb_m.r90                      #
#                            E:\³ÂÊÀºÀ\¹¤×÷\Î¢ÐÍ»úÆ÷ÈË\ÏîÄ¿¹¤³Ì\ÊÖ³Ö²Ù×÷ºÐ\³ÌÐ #
#                            òÎÄ¼þ\eRobo-100eRobo-100HandheldOperationBox\IAR_ #
#                            WorkSpace\Debug\Obj\mbcrc.r90                     #
#                            E:\³ÂÊÀºÀ\¹¤×÷\Î¢ÐÍ»úÆ÷ÈË\ÏîÄ¿¹¤³Ì\ÊÖ³Ö²Ù×÷ºÐ\³ÌÐ #
#                            òÎÄ¼þ\eRobo-100eRobo-100HandheldOperationBox\IAR_ #
#                            WorkSpace\Debug\Obj\mbfuncholding_m.r90           #
#                            E:\³ÂÊÀºÀ\¹¤×÷\Î¢ÐÍ»úÆ÷ÈË\ÏîÄ¿¹¤³Ì\ÊÖ³Ö²Ù×÷ºÐ\³ÌÐ #
#                            òÎÄ¼þ\eRobo-100eRobo-100HandheldOperationBox\IAR_ #
#                            WorkSpace\Debug\Obj\mbfuncinput_m.r90             #
#                            E:\³ÂÊÀºÀ\¹¤×÷\Î¢ÐÍ»úÆ÷ÈË\ÏîÄ¿¹¤³Ì\ÊÖ³Ö²Ù×÷ºÐ\³ÌÐ #
#                            òÎÄ¼þ\eRobo-100eRobo-100HandheldOperationBox\IAR_ #
#                            WorkSpace\Debug\Obj\mbrtu_m.r90                   #
#                            E:\³ÂÊÀºÀ\¹¤×÷\Î¢ÐÍ»úÆ÷ÈË\ÏîÄ¿¹¤³Ì\ÊÖ³Ö²Ù×÷ºÐ\³ÌÐ #
#                            òÎÄ¼þ\eRobo-100eRobo-100HandheldOperationBox\IAR_ #
#                            WorkSpace\Debug\Obj\mbutils.r90                   #
#                            E:\³ÂÊÀºÀ\¹¤×÷\Î¢ÐÍ»úÆ÷ÈË\ÏîÄ¿¹¤³Ì\ÊÖ³Ö²Ù×÷ºÐ\³ÌÐ #
#                            òÎÄ¼þ\eRobo-100eRobo-100HandheldOperationBox\IAR_ #
#                            WorkSpace\Debug\Obj\port.r90                      #
#                            E:\³ÂÊÀºÀ\¹¤×÷\Î¢ÐÍ»úÆ÷ÈË\ÏîÄ¿¹¤³Ì\ÊÖ³Ö²Ù×÷ºÐ\³ÌÐ #
#                            òÎÄ¼þ\eRobo-100eRobo-100HandheldOperationBox\IAR_ #
#                            WorkSpace\Debug\Obj\portevent_m.r90               #
#                            E:\³ÂÊÀºÀ\¹¤×÷\Î¢ÐÍ»úÆ÷ÈË\ÏîÄ¿¹¤³Ì\ÊÖ³Ö²Ù×÷ºÐ\³ÌÐ #
#                            òÎÄ¼þ\eRobo-100eRobo-100HandheldOperationBox\IAR_ #
#                            WorkSpace\Debug\Obj\portmacro.r90                 #
#                            E:\³ÂÊÀºÀ\¹¤×÷\Î¢ÐÍ»úÆ÷ÈË\ÏîÄ¿¹¤³Ì\ÊÖ³Ö²Ù×÷ºÐ\³ÌÐ #
#                            òÎÄ¼þ\eRobo-100eRobo-100HandheldOperationBox\IAR_ #
#                            WorkSpace\Debug\Obj\portserial.r90                #
#                            E:\³ÂÊÀºÀ\¹¤×÷\Î¢ÐÍ»úÆ÷ÈË\ÏîÄ¿¹¤³Ì\ÊÖ³Ö²Ù×÷ºÐ\³ÌÐ #
#                            òÎÄ¼þ\eRobo-100eRobo-100HandheldOperationBox\IAR_ #
#                            WorkSpace\Debug\Obj\porttimer.r90                 #
#                            E:\³ÂÊÀºÀ\¹¤×÷\Î¢ÐÍ»úÆ÷ÈË\ÏîÄ¿¹¤³Ì\ÊÖ³Ö²Ù×÷ºÐ\³ÌÐ #
#                            òÎÄ¼þ\eRobo-100eRobo-100HandheldOperationBox\IAR_ #
#                            WorkSpace\Debug\Obj\queue.r90                     #
#                            E:\³ÂÊÀºÀ\¹¤×÷\Î¢ÐÍ»úÆ÷ÈË\ÏîÄ¿¹¤³Ì\ÊÖ³Ö²Ù×÷ºÐ\³ÌÐ #
#                            òÎÄ¼þ\eRobo-100eRobo-100HandheldOperationBox\IAR_ #
#                            WorkSpace\Debug\Obj\SN74HC573.r90                 #
#                            E:\³ÂÊÀºÀ\¹¤×÷\Î¢ÐÍ»úÆ÷ÈË\ÏîÄ¿¹¤³Ì\ÊÖ³Ö²Ù×÷ºÐ\³ÌÐ #
#                            òÎÄ¼þ\eRobo-100eRobo-100HandheldOperationBox\IAR_ #
#                            WorkSpace\Debug\Obj\tasks.r90                     #
#                            E:\³ÂÊÀºÀ\¹¤×÷\Î¢ÐÍ»úÆ÷ÈË\ÏîÄ¿¹¤³Ì\ÊÖ³Ö²Ù×÷ºÐ\³ÌÐ #
#                            òÎÄ¼þ\eRobo-100eRobo-100HandheldOperationBox\IAR_ #
#                            WorkSpace\Debug\Obj\User_Modbus_API.r90           #
#                            -o                                                #
#                            E:\³ÂÊÀºÀ\¹¤×÷\Î¢ÐÍ»úÆ÷ÈË\ÏîÄ¿¹¤³Ì\ÊÖ³Ö²Ù×÷ºÐ\³ÌÐ #
#                            òÎÄ¼þ\eRobo-100eRobo-100HandheldOperationBox\IAR_ #
#                            WorkSpace\Debug\Exe\ER-100ÊÖ³Ö²Ù×÷ºÐ.d90          #
#                            -l                                                #
#                            E:\³ÂÊÀºÀ\¹¤×÷\Î¢ÐÍ»úÆ÷ÈË\ÏîÄ¿¹¤³Ì\ÊÖ³Ö²Ù×÷ºÐ\³ÌÐ #
#                            òÎÄ¼þ\eRobo-100eRobo-100HandheldOperationBox\IAR_ #
#                            WorkSpace\Debug\List\ER-100ÊÖ³Ö²Ù×÷ºÐ.map         #
#                            -xmsn                                             #
#                            "-IC:\Program Files (x86)\IAR Systems\Embedded Wo #
#                            rkbench 6.5\avr\LIB\"                             #
#                            -f                                                #
#                            "C:\Program Files (x86)\IAR Systems\Embedded Work #
#                            bench 6.5\avr\src\template\cfgpwm316.xcl"         #
#                            (-D_..X_INTVEC_SIZE=80 -D_..X_FLASH_NEND=3FFF     #
#                            -D_..X_FLASH_END=3FFF -D_..X_SRAM_BASE=100        #
#                            -D_..X_SRAM_TBASE=0 -D_..X_SRAM_TSIZE=0           #
#                            -D_..X_SRAM_END=4FF                               #
#                            -D_..X_EXT_SRAM_BASE=_..X_SRAM_END                #
#                            -D_..X_EXT_SRAM_SIZE=0                            #
#                            -D_..X_EXT_ROM_BASE=_..X_SRAM_END                 #
#                            -D_..X_EXT_ROM_SIZE=0                             #
#                            -D_..X_EXT_NV_BASE=_..X_SRAM_END                  #
#                            -D_..X_EXT_NV_SIZE=0 -D_..X_EEPROM_END=1FF        #
#                            -D_..X_EEPROM_START=0) -D_..X_HEAP_SIZE=20        #
#                            -D_..X_TINY_HEAP_SIZE=0 -D_..X_NEAR_HEAP_SIZE=0   #
#                            -D_..X_FAR_HEAP_SIZE=0 -D_..X_HUGE_HEAP_SIZE=0    #
#                            -D_..X_CSTACK_SIZE=40 -D_..X_RSTACK_SIZE=20       #
#                            -D_..X_FLASH_CODE_END=_..X_FLASH_END -f           #
#                            "C:\Program Files (x86)\IAR Systems\Embedded Work #
#                            bench 6.5\avr\src\template\cfg3soim.xcl"          #
#                            (-ca90 -w29                                       #
#                            -Z(CODE)INTVEC=0-(_..X_INTVEC_SIZE-1)             #
#                            -Z(CODE)TINY_F=_..X_FLASH_BASE-FF                 #
#                            -Z(CODE)NEAR_F=_..X_FLASH_BASE-_..X_FLASH_NEND    #
#                            -Z(CODE)SWITCH=_..X_FLASH_BASE-_..X_FLASH_NEND    #
#                            -Z(CODE)DIFUNCT=_..X_FLASH_BASE-_..X_FLASH_NEND   #
#                            -Z(CODE)CODE=_..X_FLASH_BASE-_..X_FLASH_END       #
#                            -P(CODE)FAR_F=[_..X_FLASH_BASE-_..X_FLASH_END]/10 #
#                            000                                               #
#                            -Z(CODE)INITTAB=_..X_FLASH_BASE-_..X_FLASH_END    #
#                            -Z(CODE)HUGE_F=_..X_FLASH_BASE-_..X_FLASH_END     #
#                            -Z(CODE)TINY_ID=_..X_FLASH_BASE-_..X_FLASH_END    #
#                            -Z(CODE)NEAR_ID=_..X_FLASH_BASE-_..X_FLASH_END    #
#                            -Z(CODE)CHECKSUM#_..X_FLASH_END                   #
#                            -Z(DATA)TINY_I,TINY_Z,TINY_N=_..X_SRAM_TBASE:+_.. #
#                            X_SRAM_TSIZE                                      #
#                            -Z(DATA)CSTACK+_..X_CSTACK_SIZE=_..X_CSTACK_BASE- #
#                            _..X_CSTACK_END                                   #
#                            -Z(DATA)HEAP+_..X_HEAP_SIZE=_..X_SRAM_BASE-_..X_S #
#                            RAM_END                                           #
#                            -Z(DATA)IOSTREAM_N#_..X_SRAM_BASE-_..X_SRAM_END   #
#                            -Z(DATA)NEAR_HEAP+_..X_NEAR_HEAP_SIZE=_..X_SRAM_B #
#                            ASE-_..X_SRAM_END                                 #
#                            -Z(DATA)RSTACK+_..X_RSTACK_SIZE=_..X_RSTACK_BASE- #
#                            _..X_RSTACK_END                                   #
#                            -Z(DATA)NEAR_I,NEAR_Z,NEAR_N=_..X_SRAM_BASE-_..X_ #
#                            SRAM_END                                          #
#                            -Z(XDATA)EEPROM_I,EEPROM_N=_..X_EEPROM_START-_..X #
#                            _EEPROM_END)                                      #
#                            -D_..X_FLASH_BASE=_..X_INTVEC_SIZE -H1895         #
#                            -h(CODE)0-(_..X_INTVEC_SIZE-1)                    #
#                            -D_..X_CSTACK_BASE=_..X_SRAM_BASE                 #
#                            -D_..X_CSTACK_END=_..X_SRAM_END                   #
#                            -D_..X_RSTACK_BASE=_..X_SRAM_BASE                 #
#                            -D_..X_RSTACK_END=_..X_SRAM_END -rt -s            #
#                            __program_start                                   #
#                            "C:\Program Files (x86)\IAR Systems\Embedded Work #
#                            bench 6.5\avr\LIB\CLIB\cl3s-ec_mul-sf.r90"        #
#                                                                              #
#                           Copyright (C) 1987-2013 IAR Systems AB.            #
################################################################################





                ****************************************
                *                                      *
                *           CROSS REFERENCE            *
                *                                      *
                ****************************************

       Program entry at : CODE      00000000  Relocatable, from module : ?RESET




                ****************************************
                *                                      *
                *            RUNTIME MODEL             *
                *                                      *
                ****************************************

  R10             = REG
  R11             = REG
  R12             = REG
  R13             = REG
  R4              = REG
  R5              = REG
  R6              = REG
  R7              = REG
  R8              = REG
  R9              = REG
  __64bit_doubles = disabled
  __SystemLibrary = CLib
  __cpu           = 3
  __cpu_name      = AT90PWM316
  __enhanced_core = enabled
  __has_elpm      = false
  __memory_model  = 2
  __rt_version    = 3
  __tiny_avr      = false

                ****************************************
                *                                      *
                *    AUTOMATIC SYMBOL REDIRECTIONS     *
                *                                      *
                ****************************************

                  There are no automatic symbol redirections.



                ****************************************
                *                                      *
                *              MODULE MAP              *
                *                                      *
                ****************************************


  DEFINED ABSOLUTE ENTRIES
  PROGRAM MODULE, NAME : ?ABS_ENTRY_MOD

Absolute parts
           ENTRY                   ADDRESS         REF BY
           =====                   =======         ======
           _..X_RSTACK_END         000004FF 
           _..X_RSTACK_BASE        00000100 
           _..X_CSTACK_END         000004FF 
           _..X_CSTACK_BASE        00000100 
           _..X_FLASH_BASE         00000080 
           _..X_FLASH_CODE_END     00003FFF 
           _..X_RSTACK_SIZE        00000020 
           _..X_CSTACK_SIZE        00000040 
           _..X_HUGE_HEAP_SIZE     00000000 
           _..X_FAR_HEAP_SIZE      00000000 
           _..X_NEAR_HEAP_SIZE     00000000 
           _..X_TINY_HEAP_SIZE     00000000 
           _..X_HEAP_SIZE          00000020 
           _..X_EEPROM_START       00000000 
           _..X_EEPROM_END         000001FF 
           _..X_EXT_NV_SIZE        00000000 
           _..X_EXT_NV_BASE        000004FF 
           _..X_EXT_ROM_SIZE       00000000 
           _..X_EXT_ROM_BASE       000004FF 
           _..X_EXT_SRAM_SIZE      00000000 
           _..X_EXT_SRAM_BASE      000004FF 
           _..X_SRAM_END           000004FF 
           _..X_SRAM_TSIZE         00000000 
           _..X_SRAM_TBASE         00000000 
           _..X_SRAM_BASE          00000100 
           _..X_FLASH_END          00003FFF 
           _..X_FLASH_NEND         00003FFF 
           _..X_INTVEC_SIZE        00000080 
    *************************************************************************

  FILE NAME : E:\³ÂÊÀºÀ\¹¤×÷\Î¢ÐÍ»úÆ÷ÈË\ÏîÄ¿¹¤³Ì\ÊÖ³Ö²Ù×÷ºÐ\³ÌÐòÎÄ¼þ\eRobo-100eRobo-100HandheldOperationBox\IAR_WorkSpace\Debug\Obj\heap_1.r90
  PROGRAM MODULE, NAME : heap_1

  SEGMENTS IN THE MODULE
  ======================
NEAR_Z
  Relative segment, address: DATA 000001E9 - 00000378 (0x190 bytes), align: 0
  Segment part 7.             Intra module refs:   pvPortMalloc
           LOCAL                   ADDRESS         
           =====                   =======         
           xHeap                   000001E9 
    -------------------------------------------------------------------------
NEAR_Z
  Relative segment, address: DATA 00000379 - 0000037A (0x2 bytes), align: 0
  Segment part 9.             Intra module refs:   pvPortMalloc
           LOCAL                   ADDRESS         
           =====                   =======         
           xNextFreeByte           00000379 
    -------------------------------------------------------------------------
CODE
  Relative segment, address: CODE 00000594 - 000005FB (0x68 bytes), align: 1
  Segment part 10.
           ENTRY                   ADDRESS         REF BY
           =====                   =======         ======
           pvPortMalloc            00000594        prvAllocateTCBAndStack (tasks)
               calls direct
               CSTACK = 00000000 ( 00000004 )
               RSTACK = 00000000 ( 00000002 )
    -------------------------------------------------------------------------
CODE
  Relative segment, address: CODE 000005FC - 000005FD (0x2 bytes), align: 1
  Segment part 11.
           ENTRY                   ADDRESS         REF BY
           =====                   =======         ======
           vPortFree               000005FC        prvAllocateTCBAndStack (tasks)
               RSTACK = 00000000 ( 00000002 )
    -------------------------------------------------------------------------
ABSOLUTE
  Relative segment, address: DATA 0000001F, align: 0
  Segment part 1. ROOT 
           ENTRY                   ADDRESS         REF BY
           =====                   =======         ======
           __?EECR                 0000001F 
    -------------------------------------------------------------------------
ABSOLUTE
  Relative segment, address: DATA 00000020, align: 0
  Segment part 2. ROOT 
           ENTRY                   ADDRESS         REF BY
           =====                   =======         ======
           __?EEDR                 00000020 
    -------------------------------------------------------------------------
ABSOLUTE
  Relative segment, address: DATA 00000021, align: 0
  Segment part 3. ROOT 
           ENTRY                   ADDRESS         REF BY
           =====                   =======         ======
           __?EEARL                00000021 
    -------------------------------------------------------------------------
ABSOLUTE
  Relative segment, address: DATA 00000022, align: 0
  Segment part 4. ROOT 
           ENTRY                   ADDRESS         REF BY
           =====                   =======         ======
           __?EEARH                00000022 
    -------------------------------------------------------------------------
INITTAB
  Relative segment, address: CODE 0000271C - 00002721 (0x6 bytes), align: 0
  Segment part 8.             Intra module refs:   Key (main)
                                                   Sn74hc573_Data (SN74HC573)
                                                   TimeOver_Count (porttimer)
                                                   eMBMasterCurErrorType (mb_m)
                                                   eMBMasterPoll::eException (mb_m)
                                                   eMBMasterPoll::ucFunctionCode (mb_m)
                                                   eMBMasterPoll::ucMBFrame (mb_m)
                                                   eMBMasterPoll::ucRcvAddress (mb_m)
                                                   eMBMasterPoll::usLength (mb_m)
                                                   eMasterCurTimerMode (mbrtu_m)
                                                   eQueuedEvent (portevent_m)
                                                   eRcvState (mbrtu_m)
                                                   eSndState (mbrtu_m)
                                                   peMBMasterFrameReceiveCur (mb_m)
                                                   peMBMasterFrameSendCur (mb_m)
                                                   pucMasterSndBufferCur (mbrtu_m)
                                                   pvMBMasterFrameCloseCur (mb_m)
                                                   pvMBMasterFrameStartCur (mb_m)
                                                   pvMBMasterFrameStopCur (mb_m)
                                                   pxCurrentTCB (tasks)
                                                   pxDelayedTaskList (tasks)
                                                   pxMBMasterFrameCBByteReceived (mb_m)
                                                   pxMBMasterFrameCBTransmitterEmpty (mb_m)
                                                   pxMBMasterPortCBTimerExpired (mb_m)
                                                   pxOverflowDelayedTaskList (tasks)
                                                   pxReadyTasksLists (tasks)
                                                   ucMBMasterDestAddress (mb_m)
                                                   ucMasterRTURcvBuf (mbrtu_m)
                                                   ucMasterRTUSndBuf (mbrtu_m)
                                                   usMasterRcvBufferPos (mbrtu_m)
                                                   usMasterSendPDULength (mbrtu_m)
                                                   usMasterSndBufferCount (mbrtu_m)
                                                   usTimerOCRADelta (porttimer)
                                                   uxCurrentNumberOfTasks (tasks)
                                                   uxMissedTicks (tasks)
                                                   uxSchedulerSuspended (tasks)
                                                   uxTaskNumber (tasks)
                                                   uxTopReadyPriority (tasks)
                                                   uxTopUsedPriority (tasks)
                                                   xDelayedTaskList1 (tasks)
                                                   xDelayedTaskList2 (tasks)
                                                   xEventInQueue (portevent_m)
                                                   xFrameIsBroadcast (mbrtu_m)
                                                   xHeap
                                                   xMBRunInMasterMode (mb_m)
                                                   xMissedYield (tasks)
                                                   xNextFreeByte
                                                   xNumOfOverflows (tasks)
                                                   xPendingReadyList (tasks)
                                                   xSchedulerRunning (tasks)
                                                   xSuspendedTaskList (tasks)
                                                   xTickCount (tasks)
           ENTRY                   ADDRESS         REF BY
           =====                   =======         ======
           ?<Segment init: NEAR_Z>
                                   0000271C 

    *************************************************************************

  FILE NAME : E:\³ÂÊÀºÀ\¹¤×÷\Î¢ÐÍ»úÆ÷ÈË\ÏîÄ¿¹¤³Ì\ÊÖ³Ö²Ù×÷ºÐ\³ÌÐòÎÄ¼þ\eRobo-100eRobo-100HandheldOperationBox\IAR_WorkSpace\Debug\Obj\IO_Port.r90
  PROGRAM MODULE, NAME : IO_Port

  SEGMENTS IN THE MODULE
  ======================
ABSOLUTE
  Relative segment, address: DATA 0000002B - 0000002B (0x1 bytes), align: 0
  Segment part 1. ROOT        Intra module refs:   INIT_IO
                                                   Lcd_GetBusy (LCD12864)
                                                   Write_Cmd (LCD12864)
                                                   Write_Data (LCD12864)
           ENTRY                   ADDRESS         REF BY
           =====                   =======         ======
           _A_PORTD                0000002B 
           LOCAL                   ADDRESS         
           =====                   =======         
           PORTD                   0000002B 
    -------------------------------------------------------------------------
ABSOLUTE
  Relative segment, address: DATA 0000002A - 0000002A (0x1 bytes), align: 0
  Segment part 2. ROOT        Intra module refs:   INIT_IO
           ENTRY                   ADDRESS         REF BY
           =====                   =======         ======
           _A_DDRD                 0000002A 
           LOCAL                   ADDRESS         
           =====                   =======         
           DDRD                    0000002A 
    -------------------------------------------------------------------------
ABSOLUTE
  Relative segment, address: DATA 00000028 - 00000028 (0x1 bytes), align: 0
  Segment part 3. ROOT        Intra module refs:   INIT_IO
                                                   Lcd_GetBusy (LCD12864)
                                                   Sn_Output_CS (SN74HC573)
                                                   Sn_Output_KeyCode (SN74HC573)
                                                   Write_Cmd (LCD12864)
                                                   Write_Data (LCD12864)
           ENTRY                   ADDRESS         REF BY
           =====                   =======         ======
           _A_PORTC                00000028 
           LOCAL                   ADDRESS         
           =====                   =======         
           PORTC                   00000028 
    -------------------------------------------------------------------------
ABSOLUTE
  Relative segment, address: DATA 00000027 - 00000027 (0x1 bytes), align: 0
  Segment part 4. ROOT        Intra module refs:   INIT_IO
           ENTRY                   ADDRESS         REF BY
           =====                   =======         ======
           _A_DDRC                 00000027 
           LOCAL                   ADDRESS         
           =====                   =======         
           DDRC                    00000027 
    -------------------------------------------------------------------------
ABSOLUTE
  Relative segment, address: DATA 00000025 - 00000025 (0x1 bytes), align: 0
  Segment part 5. ROOT        Intra module refs:   INIT_IO
                                                   Sn_Output_CS (SN74HC573)
                                                   Sn_Output_KeyCode (SN74HC573)
                                                   Write_Cmd (LCD12864)
                                                   Write_Data (LCD12864)
           ENTRY                   ADDRESS         REF BY
           =====                   =======         ======
           _A_PORTB                00000025 
           LOCAL                   ADDRESS         
           =====                   =======         
           PORTB                   00000025 
    -------------------------------------------------------------------------
ABSOLUTE
  Relative segment, address: DATA 00000024 - 00000024 (0x1 bytes), align: 0
  Segment part 6. ROOT        Intra module refs:   INIT_IO
                                                   Lcd_GetBusy (LCD12864)
           ENTRY                   ADDRESS         REF BY
           =====                   =======         ======
           _A_DDRB                 00000024 
           LOCAL                   ADDRESS         
           =====                   =======         
           DDRB                    00000024 
    -------------------------------------------------------------------------
CODE
  Relative segment, address: CODE 000005FE - 00000629 (0x2c bytes), align: 1
  Segment part 13.
           ENTRY                   ADDRESS         REF BY
           =====                   =======         ======
           INIT_IO                 000005FE        main (main)
               RSTACK = 00000000 ( 00000002 )

    *************************************************************************

  FILE NAME : E:\³ÂÊÀºÀ\¹¤×÷\Î¢ÐÍ»úÆ÷ÈË\ÏîÄ¿¹¤³Ì\ÊÖ³Ö²Ù×÷ºÐ\³ÌÐòÎÄ¼þ\eRobo-100eRobo-100HandheldOperationBox\IAR_WorkSpace\Debug\Obj\LCD12864.r90
  PROGRAM MODULE, NAME : LCD12864

  SEGMENTS IN THE MODULE
  ======================
ABSOLUTE
  Relative segment, address: DATA 00000023 - 00000023 (0x1 bytes), align: 0
  Segment part 5. ROOT        Intra module refs:   Lcd_GetBusy
           ENTRY                   ADDRESS         REF BY
           =====                   =======         ======
           _A_PINB                 00000023 
           LOCAL                   ADDRESS         
           =====                   =======         
           PINB                    00000023 
    -------------------------------------------------------------------------
NEAR_F
  Relative segment, address: CODE 00000080 - 0000037F (0x300 bytes), align: 0
  Segment part 12.            Intra module refs:   Display_Char
           ENTRY                   ADDRESS         REF BY
           =====                   =======         ======
           ASC_8                   00000080 
    -------------------------------------------------------------------------
CODE
  Relative segment, address: CODE 0000062A - 0000065D (0x34 bytes), align: 1
  Segment part 13.            Intra module refs:   Write_Cmd
                                                   Write_Data
           ENTRY                   ADDRESS         REF BY
           =====                   =======         ======
           Lcd_GetBusy             0000062A 
               RSTACK = 00000000 ( 00000002 )
    -------------------------------------------------------------------------
CODE
  Relative segment, address: CODE 0000065E - 0000068D (0x30 bytes), align: 1
  Segment part 14.            Intra module refs:   LCD_Init
                                                   Set_Cursor
           ENTRY                   ADDRESS         REF BY
           =====                   =======         ======
           Write_Cmd               0000065E 
               calls direct
               CSTACK = 00000000 ( 00000001 )
               RSTACK = 00000000 ( 00000002 )
    -------------------------------------------------------------------------
CODE
  Relative segment, address: CODE 0000068E - 000006BD (0x30 bytes), align: 1
  Segment part 15.            Intra module refs:   Clr_LCD
                                                   Display_Char
           ENTRY                   ADDRESS         REF BY
           =====                   =======         ======
           Write_Data              0000068E 
               calls direct
               CSTACK = 00000000 ( 00000001 )
               RSTACK = 00000000 ( 00000002 )
    -------------------------------------------------------------------------
CODE
  Relative segment, address: CODE 000006BE - 000006F3 (0x36 bytes), align: 1
  Segment part 16.            Intra module refs:   Clr_LCD
                                                   Display_Char
           ENTRY                   ADDRESS         REF BY
           =====                   =======         ======
           Set_Cursor              000006BE 
               calls direct
               CSTACK = 00000000 ( 00000002 )
               RSTACK = 00000000 ( 00000002 )
    -------------------------------------------------------------------------
CODE
  Relative segment, address: CODE 000006F4 - 00000723 (0x30 bytes), align: 1
  Segment part 17.            Intra module refs:   LCD_Init
           ENTRY                   ADDRESS         REF BY
           =====                   =======         ======
           Clr_LCD                 000006F4 
               calls direct
               CSTACK = 00000000 ( 00000002 )
               RSTACK = 00000000 ( 00000002 )
    -------------------------------------------------------------------------
CODE
  Relative segment, address: CODE 00000724 - 00000751 (0x2e bytes), align: 1
  Segment part 18.
           ENTRY                   ADDRESS         REF BY
           =====                   =======         ======
           LCD_Init                00000724        main (main)
               calls direct
               CSTACK = 00000000 ( 00000001 )
               RSTACK = 00000000 ( 00000002 )
    -------------------------------------------------------------------------
CODE
  Relative segment, address: CODE 00000752 - 00000793 (0x42 bytes), align: 1
  Segment part 19.            Intra module refs:   Display_String
           ENTRY                   ADDRESS         REF BY
           =====                   =======         ======
           Display_Char            00000752        Control_task (main)
               calls direct
               CSTACK = 00000000 ( 00000005 )
               RSTACK = 00000000 ( 00000004 )
    -------------------------------------------------------------------------
CODE
  Relative segment, address: CODE 00000794 - 000007BB (0x28 bytes), align: 1
  Segment part 20.
           ENTRY                   ADDRESS         REF BY
           =====                   =======         ======
           Display_String          00000794        Control_task (main)
               calls direct
               CSTACK = 00000000 ( 00000005 )
               RSTACK = 00000000 ( 00000002 )

    *************************************************************************

  FILE NAME : E:\³ÂÊÀºÀ\¹¤×÷\Î¢ÐÍ»úÆ÷ÈË\ÏîÄ¿¹¤³Ì\ÊÖ³Ö²Ù×÷ºÐ\³ÌÐòÎÄ¼þ\eRobo-100eRobo-100HandheldOperationBox\IAR_WorkSpace\Debug\Obj\list.r90
  PROGRAM MODULE, NAME : list

  SEGMENTS IN THE MODULE
  ======================
CODE
  Relative segment, address: CODE 000007BC - 000007F1 (0x36 bytes), align: 1
  Segment part 7.
           ENTRY                   ADDRESS         REF BY
           =====                   =======         ======
           vListInitialise         000007BC        prvInitialiseTaskLists (tasks)
               RSTACK = 00000000 ( 00000002 )
    -------------------------------------------------------------------------
CODE
  Relative segment, address: CODE 000007F2 - 000007FD (0xc bytes), align: 1
  Segment part 8.
           ENTRY                   ADDRESS         REF BY
           =====                   =======         ======
           vListInitialiseItem     000007F2        prvInitialiseTCBVariables (tasks)
               RSTACK = 00000000 ( 00000002 )
    -------------------------------------------------------------------------
CODE
  Relative segment, address: CODE 000007FE - 00000847 (0x4a bytes), align: 1
  Segment part 9.
           ENTRY                   ADDRESS         REF BY
           =====                   =======         ======
           vListInsertEnd          000007FE        vTaskIncrementTick (tasks)
                                                   xTaskGenericCreate (tasks)
                                                   xTaskResumeAll (tasks)
               RSTACK = 00000000 ( 00000002 )
    -------------------------------------------------------------------------
CODE
  Relative segment, address: CODE 00000848 - 000008B3 (0x6c bytes), align: 1
  Segment part 10.
           ENTRY                   ADDRESS         REF BY
           =====                   =======         ======
           vListInsert             00000848        prvAddCurrentTaskToDelayedList (tasks)
               RSTACK = 00000000 ( 00000002 )
    -------------------------------------------------------------------------
CODE
  Relative segment, address: CODE 000008B4 - 0000090B (0x58 bytes), align: 1
  Segment part 11.
           ENTRY                   ADDRESS         REF BY
           =====                   =======         ======
           vListRemove             000008B4        vTaskDelayUntil (tasks)
                                                   vTaskIncrementTick (tasks)
                                                   xTaskResumeAll (tasks)
               RSTACK = 00000000 ( 00000002 )

    *************************************************************************

  FILE NAME : E:\³ÂÊÀºÀ\¹¤×÷\Î¢ÐÍ»úÆ÷ÈË\ÏîÄ¿¹¤³Ì\ÊÖ³Ö²Ù×÷ºÐ\³ÌÐòÎÄ¼þ\eRobo-100eRobo-100HandheldOperationBox\IAR_WorkSpace\Debug\Obj\main.r90
  PROGRAM MODULE, NAME : main

  SEGMENTS IN THE MODULE
  ======================
ABSOLUTE
  Relative segment, address: DATA 00000029 - 00000029 (0x1 bytes), align: 0
  Segment part 1. ROOT        Intra module refs:   Control_task
           ENTRY                   ADDRESS         REF BY
           =====                   =======         ======
           _A_PIND                 00000029 
           LOCAL                   ADDRESS         
           =====                   =======         
           PIND                    00000029 
    -------------------------------------------------------------------------
ABSOLUTE
  Relative segment, address: DATA 00000026 - 00000026 (0x1 bytes), align: 0
  Segment part 2. ROOT        Intra module refs:   Control_task
           ENTRY                   ADDRESS         REF BY
           =====                   =======         ======
           _A_PINC                 00000026 
           LOCAL                   ADDRESS         
           =====                   =======         
           PINC                    00000026 
    -------------------------------------------------------------------------
NEAR_Z
  Relative segment, address: DATA 0000037B - 00000386 (0xc bytes), align: 0
  Segment part 28.            Intra module refs:   Control_task
           LOCAL                   ADDRESS         
           =====                   =======         
           Key                     0000037B 
    -------------------------------------------------------------------------
CODE
  Relative segment, address: CODE 0000090C - 0000090D (0x2 bytes), align: 1
  Segment part 30.
           ENTRY                   ADDRESS         REF BY
           =====                   =======         ======
           vApplicationIdleHook    0000090C        prvIdleTask (tasks)
               RSTACK = 00000000 ( 00000002 )
    -------------------------------------------------------------------------
CODE
  Relative segment, address: CODE 0000090E - 00000933 (0x26 bytes), align: 1
  Segment part 31.            Intra module refs:   main
           ENTRY                   ADDRESS         REF BY
           =====                   =======         ======
           UART_Task               0000090E 
               calls direct
               CSTACK = 00000000 ( 00000003 )
               RSTACK = 00000000 ( 00000002 )
    -------------------------------------------------------------------------
CODE
  Relative segment, address: CODE 00000934 - 00000E5B (0x528 bytes), align: 1
  Segment part 32.            Intra module refs:   main
           ENTRY                   ADDRESS         REF BY
           =====                   =======         ======
           Control_task            00000934 
               calls direct
               CSTACK = 00000000 ( 0000000E )
               RSTACK = 00000000 ( 00000002 )
    -------------------------------------------------------------------------
CODE
  Relative segment, address: CODE 00000E5C - 00000EDF (0x84 bytes), align: 1
  Segment part 33.
           ENTRY                   ADDRESS         REF BY
           =====                   =======         ======
           main                    00000E5C        ?cstartup_call_main (?C_STARTUP)
               calls direct
               CSTACK = 00000000 ( 00000007 )
               RSTACK = 00000000 ( 00000002 )
    -------------------------------------------------------------------------
NEAR_ID
  Relative segment, address: CODE 00002728 - 00002738 (0x11 bytes), align: 0
  Segment part 10.            Intra module refs:   Segment part 9
    -------------------------------------------------------------------------
INITTAB
  Relative segment, address: CODE 00002722 - 00002727 (0x6 bytes), align: 0
  Segment part 11.            Intra module refs:   Segment part 12
                                                   Segment part 14
                                                   Segment part 16
                                                   Segment part 18
                                                   Segment part 20
                                                   Segment part 22
                                                   Segment part 24
                                                   Segment part 26
                                                   Segment part 7 (tasks)
                                                   Segment part 9
                                                   eMBState (mb_m)
                                                   uxCriticalNesting (port)
                                                   xMasterFuncHandlers (mb_m)
                                                   xNextTaskUnblockTime (tasks)
           ENTRY                   ADDRESS         REF BY
           =====                   =======         ======
           ?<Segment init: NEAR_I>
                                   00002722 
    -------------------------------------------------------------------------
NEAR_ID
  Relative segment, address: CODE 00002739 - 00002749 (0x11 bytes), align: 0
  Segment part 13.            Intra module refs:   Segment part 12
    -------------------------------------------------------------------------
NEAR_ID
  Relative segment, address: CODE 0000274A - 00002759 (0x10 bytes), align: 0
  Segment part 15.            Intra module refs:   Segment part 14
    -------------------------------------------------------------------------
NEAR_ID
  Relative segment, address: CODE 0000275A - 00002768 (0xf bytes), align: 0
  Segment part 17.            Intra module refs:   Segment part 16
    -------------------------------------------------------------------------
NEAR_ID
  Relative segment, address: CODE 00002769 - 00002779 (0x11 bytes), align: 0
  Segment part 19.            Intra module refs:   Segment part 18
    -------------------------------------------------------------------------
NEAR_ID
  Relative segment, address: CODE 0000277A - 0000277F (0x6 bytes), align: 0
  Segment part 21.            Intra module refs:   Segment part 20
    -------------------------------------------------------------------------
NEAR_ID
  Relative segment, address: CODE 00002780 - 00002785 (0x6 bytes), align: 0
  Segment part 23.            Intra module refs:   Segment part 22
    -------------------------------------------------------------------------
NEAR_ID
  Relative segment, address: CODE 00002786 - 0000278D (0x8 bytes), align: 0
  Segment part 25.            Intra module refs:   Segment part 24
    -------------------------------------------------------------------------
NEAR_ID
  Relative segment, address: CODE 0000278E - 00002792 (0x5 bytes), align: 0
  Segment part 27.            Intra module refs:   Segment part 26
    -------------------------------------------------------------------------
NEAR_I
  Relative segment, address: DATA 00000160 - 00000170 (0x11 bytes), align: 0
  Segment part 9.             Intra module refs:   Control_task
    -------------------------------------------------------------------------
NEAR_I
  Relative segment, address: DATA 00000171 - 00000181 (0x11 bytes), align: 0
  Segment part 12.            Intra module refs:   Control_task
    -------------------------------------------------------------------------
NEAR_I
  Relative segment, address: DATA 00000182 - 00000191 (0x10 bytes), align: 0
  Segment part 14.            Intra module refs:   Control_task
    -------------------------------------------------------------------------
NEAR_I
  Relative segment, address: DATA 00000192 - 000001A0 (0xf bytes), align: 0
  Segment part 16.            Intra module refs:   Control_task
    -------------------------------------------------------------------------
NEAR_I
  Relative segment, address: DATA 000001A1 - 000001B1 (0x11 bytes), align: 0
  Segment part 18.            Intra module refs:   Control_task
    -------------------------------------------------------------------------
NEAR_I
  Relative segment, address: DATA 000001B2 - 000001B7 (0x6 bytes), align: 0
  Segment part 20.            Intra module refs:   Control_task
    -------------------------------------------------------------------------
NEAR_I
  Relative segment, address: DATA 000001B8 - 000001BD (0x6 bytes), align: 0
  Segment part 22.            Intra module refs:   Control_task
    -------------------------------------------------------------------------
NEAR_I
  Relative segment, address: DATA 000001BE - 000001C5 (0x8 bytes), align: 0
  Segment part 24.            Intra module refs:   main
    -------------------------------------------------------------------------
NEAR_I
  Relative segment, address: DATA 000001C6 - 000001CA (0x5 bytes), align: 0
  Segment part 26.            Intra module refs:   main

    *************************************************************************

  FILE NAME : E:\³ÂÊÀºÀ\¹¤×÷\Î¢ÐÍ»úÆ÷ÈË\ÏîÄ¿¹¤³Ì\ÊÖ³Ö²Ù×÷ºÐ\³ÌÐòÎÄ¼þ\eRobo-100eRobo-100HandheldOperationBox\IAR_WorkSpace\Debug\Obj\mb_m.r90
  PROGRAM MODULE, NAME : mb_m

  SEGMENTS IN THE MODULE
  ======================
NEAR_Z
  Relative segment, address: DATA 00000387 - 00000387 (0x1 bytes), align: 0
  Segment part 7.             Intra module refs:   ucMBMasterGetDestAddress
                                                   vMBMasterSetDestAddress
           LOCAL                   ADDRESS         
           =====                   =======         
           ucMBMasterDestAddress   00000387 
    -------------------------------------------------------------------------
NEAR_Z
  Relative segment, address: DATA 00000388 - 00000388 (0x1 bytes), align: 0
  Segment part 9.             Intra module refs:   vMBMasterSetCBRunInMasterMode
           LOCAL                   ADDRESS         
           =====                   =======         
           xMBRunInMasterMode      00000388 
    -------------------------------------------------------------------------
NEAR_Z
  Relative segment, address: DATA 00000389 - 00000389 (0x1 bytes), align: 0
  Segment part 10.            Intra module refs:   eMBMasterGetErrorType
                                                   vMBMasterSetErrorType
           LOCAL                   ADDRESS         
           =====                   =======         
           eMBMasterCurErrorType   00000389 
    -------------------------------------------------------------------------
NEAR_I
  Relative segment, address: DATA 000001CB - 000001CB (0x1 bytes), align: 0
  Segment part 11.            Intra module refs:   eMBMasterEnable
                                                   eMBMasterInit
                                                   eMBMasterPoll
           LOCAL                   ADDRESS         
           =====                   =======         
           eMBState                000001CB 
    -------------------------------------------------------------------------
NEAR_Z
  Relative segment, address: DATA 0000038A - 0000038B (0x2 bytes), align: 0
  Segment part 14.            Intra module refs:   eMBMasterInit
                                                   eMBMasterPoll
           LOCAL                   ADDRESS         
           =====                   =======         
           peMBMasterFrameSendCur
                                   0000038A 
    -------------------------------------------------------------------------
NEAR_Z
  Relative segment, address: DATA 0000038C - 0000038D (0x2 bytes), align: 0
  Segment part 15.            Intra module refs:   eMBMasterEnable
                                                   eMBMasterInit
           LOCAL                   ADDRESS         
           =====                   =======         
           pvMBMasterFrameStartCur
                                   0000038C 
    -------------------------------------------------------------------------
NEAR_Z
  Relative segment, address: DATA 0000038E - 0000038F (0x2 bytes), align: 0
  Segment part 16.            Intra module refs:   eMBMasterInit
           LOCAL                   ADDRESS         
           =====                   =======         
           pvMBMasterFrameStopCur
                                   0000038E 
    -------------------------------------------------------------------------
NEAR_Z
  Relative segment, address: DATA 00000390 - 00000391 (0x2 bytes), align: 0
  Segment part 17.            Intra module refs:   eMBMasterInit
                                                   eMBMasterPoll
           LOCAL                   ADDRESS         
           =====                   =======         
           peMBMasterFrameReceiveCur
                                   00000390 
    -------------------------------------------------------------------------
NEAR_Z
  Relative segment, address: DATA 00000392 - 00000393 (0x2 bytes), align: 0
  Segment part 18.            Intra module refs:   eMBMasterInit
           LOCAL                   ADDRESS         
           =====                   =======         
           pvMBMasterFrameCloseCur
                                   00000392 
    -------------------------------------------------------------------------
NEAR_Z
  Relative segment, address: DATA 00000394 - 00000395 (0x2 bytes), align: 0
  Segment part 19.            Intra module refs:   eMBMasterInit
           ENTRY                   ADDRESS         REF BY
           =====                   =======         ======
           pxMBMasterFrameCBByteReceived
                                   00000394        RXC_isr (portserial)
    -------------------------------------------------------------------------
NEAR_Z
  Relative segment, address: DATA 00000396 - 00000397 (0x2 bytes), align: 0
  Segment part 20.            Intra module refs:   eMBMasterInit
           ENTRY                   ADDRESS         REF BY
           =====                   =======         ======
           pxMBMasterFrameCBTransmitterEmpty
                                   00000396        TX_isr (portserial)
    -------------------------------------------------------------------------
NEAR_Z
  Relative segment, address: DATA 00000398 - 00000399 (0x2 bytes), align: 0
  Segment part 21.            Intra module refs:   eMBMasterInit
           ENTRY                   ADDRESS         REF BY
           =====                   =======         ======
           pxMBMasterPortCBTimerExpired
                                   00000398        prvvTIMERExpiredISR (porttimer)
    -------------------------------------------------------------------------
NEAR_I
  Relative segment, address: DATA 000001CC - 000001E0 (0x15 bytes), align: 0
  Segment part 24.            Intra module refs:   eMBMasterPoll
           LOCAL                   ADDRESS         
           =====                   =======         
           xMasterFuncHandlers     000001CC 
    -------------------------------------------------------------------------
CODE
  Relative segment, address: CODE 00000EE0 - 00000F73 (0x94 bytes), align: 1
  Segment part 31.
           ENTRY                   ADDRESS         REF BY
           =====                   =======         ======
           eMBMasterInit           00000EE0        main (main)
               calls direct
               CSTACK = 00000000 ( 00000001 )
               RSTACK = 00000000 ( 00000002 )
    -------------------------------------------------------------------------
CODE
  Relative segment, address: CODE 00000F74 - 00000F99 (0x26 bytes), align: 1
  Segment part 33.
           ENTRY                   ADDRESS         REF BY
           =====                   =======         ======
           eMBMasterEnable         00000F74        main (main)
               calls indirect
               CSTACK = 00000000 ( 00000001 )
               RSTACK = 00000000 ( 00000002 )
    -------------------------------------------------------------------------
CODE
  Relative segment, address: CODE 00000F9A - 000011A7 (0x20e bytes), align: 1
  Segment part 35.            Intra module refs:   Segment part 42
           ENTRY                   ADDRESS         REF BY
           =====                   =======         ======
           eMBMasterPoll           00000F9A        UART_Task (main)
               calls direct and indirect
               CSTACK = 00000000 ( 00000006 )
               RSTACK = 00000000 ( 00000004 )
    -------------------------------------------------------------------------
NEAR_Z
  Relative segment, address: DATA 0000039A - 0000039B (0x2 bytes), align: 0
  Segment part 26.            Intra module refs:   eMBMasterPoll
           LOCAL                   ADDRESS         
           =====                   =======         
           eMBMasterPoll::ucMBFrame
                                   0000039A 
    -------------------------------------------------------------------------
NEAR_Z
  Relative segment, address: DATA 0000039C - 0000039C (0x1 bytes), align: 0
  Segment part 27.            Intra module refs:   eMBMasterPoll
           LOCAL                   ADDRESS         
           =====                   =======         
           eMBMasterPoll::ucRcvAddress
                                   0000039C 
    -------------------------------------------------------------------------
NEAR_Z
  Relative segment, address: DATA 0000039D - 0000039D (0x1 bytes), align: 0
  Segment part 28.            Intra module refs:   eMBMasterPoll
           LOCAL                   ADDRESS         
           =====                   =======         
           eMBMasterPoll::ucFunctionCode
                                   0000039D 
    -------------------------------------------------------------------------
NEAR_Z
  Relative segment, address: DATA 0000039E - 0000039F (0x2 bytes), align: 0
  Segment part 29.            Intra module refs:   eMBMasterPoll
           LOCAL                   ADDRESS         
           =====                   =======         
           eMBMasterPoll::usLength
                                   0000039E 
    -------------------------------------------------------------------------
NEAR_Z
  Relative segment, address: DATA 000003A0 - 000003A0 (0x1 bytes), align: 0
  Segment part 30.            Intra module refs:   eMBMasterPoll
           LOCAL                   ADDRESS         
           =====                   =======         
           eMBMasterPoll::eException
                                   000003A0 
    -------------------------------------------------------------------------
CODE
  Relative segment, address: CODE 000011A8 - 000011AD (0x6 bytes), align: 1
  Segment part 37.            Intra module refs:   eMBMasterPoll
           ENTRY                   ADDRESS         REF BY
           =====                   =======         ======
           vMBMasterSetCBRunInMasterMode
                                   000011A8 
               RSTACK = 00000000 ( 00000002 )
    -------------------------------------------------------------------------
CODE
  Relative segment, address: CODE 000011AE - 000011B3 (0x6 bytes), align: 1
  Segment part 38.            Intra module refs:   eMBMasterPoll
           ENTRY                   ADDRESS         REF BY
           =====                   =======         ======
           ucMBMasterGetDestAddress
                                   000011AE 
               RSTACK = 00000000 ( 00000002 )
    -------------------------------------------------------------------------
CODE
  Relative segment, address: CODE 000011B4 - 000011B9 (0x6 bytes), align: 1
  Segment part 39.            Intra module refs:   eMBMasterPoll
           ENTRY                   ADDRESS         REF BY
           =====                   =======         ======
           vMBMasterSetDestAddress
                                   000011B4        eMBMasterReqWriteHoldingRegister (mbfuncholding_m)
               RSTACK = 00000000 ( 00000002 )
    -------------------------------------------------------------------------
CODE
  Relative segment, address: CODE 000011BA - 000011BF (0x6 bytes), align: 1
  Segment part 40.            Intra module refs:   eMBMasterPoll
           ENTRY                   ADDRESS         REF BY
           =====                   =======         ======
           eMBMasterGetErrorType   000011BA 
               RSTACK = 00000000 ( 00000002 )
    -------------------------------------------------------------------------
CODE
  Relative segment, address: CODE 000011C0 - 000011C5 (0x6 bytes), align: 1
  Segment part 41.            Intra module refs:   eMBMasterPoll
           ENTRY                   ADDRESS         REF BY
           =====                   =======         ======
           vMBMasterSetErrorType   000011C0        xMBMasterRTUTimerExpired (mbrtu_m)
               RSTACK = 00000000 ( 00000002 )
    -------------------------------------------------------------------------
NEAR_ID
  Relative segment, address: CODE 00002793 - 00002793 (0x1 bytes), align: 0
  Segment part 12.            Intra module refs:   eMBState
    -------------------------------------------------------------------------
NEAR_ID
  Relative segment, address: CODE 00002794 - 000027A8 (0x15 bytes), align: 0
  Segment part 25.            Intra module refs:   xMasterFuncHandlers
    -------------------------------------------------------------------------
SWITCH
  Relative segment, address: CODE 00000580 - 00000593 (0x14 bytes), align: 1
  Segment part 42.            Intra module refs:   eMBMasterPoll

    *************************************************************************

  FILE NAME : E:\³ÂÊÀºÀ\¹¤×÷\Î¢ÐÍ»úÆ÷ÈË\ÏîÄ¿¹¤³Ì\ÊÖ³Ö²Ù×÷ºÐ\³ÌÐòÎÄ¼þ\eRobo-100eRobo-100HandheldOperationBox\IAR_WorkSpace\Debug\Obj\mbcrc.r90
  PROGRAM MODULE, NAME : mbcrc

  SEGMENTS IN THE MODULE
  ======================
NEAR_F
  Relative segment, address: CODE 00000380 - 0000047F (0x100 bytes), align: 0
  Segment part 7.             Intra module refs:   usMBCRC16
           ENTRY                   ADDRESS         REF BY
           =====                   =======         ======
           aucCRCHi                00000380 
    -------------------------------------------------------------------------
NEAR_F
  Relative segment, address: CODE 00000480 - 0000057F (0x100 bytes), align: 0
  Segment part 8.             Intra module refs:   usMBCRC16
           ENTRY                   ADDRESS         REF BY
           =====                   =======         ======
           aucCRCLo                00000480 
    -------------------------------------------------------------------------
CODE
  Relative segment, address: CODE 000011C6 - 00001211 (0x4c bytes), align: 1
  Segment part 9.
           ENTRY                   ADDRESS         REF BY
           =====                   =======         ======
           usMBCRC16               000011C6        eMBMasterRTUReceive (mbrtu_m)
                                                   eMBMasterRTUSend (mbrtu_m)
               RSTACK = 00000000 ( 00000002 )

    *************************************************************************

  FILE NAME : E:\³ÂÊÀºÀ\¹¤×÷\Î¢ÐÍ»úÆ÷ÈË\ÏîÄ¿¹¤³Ì\ÊÖ³Ö²Ù×÷ºÐ\³ÌÐòÎÄ¼þ\eRobo-100eRobo-100HandheldOperationBox\IAR_WorkSpace\Debug\Obj\mbfuncholding_m.r90
  PROGRAM MODULE, NAME : mbfuncholding_m

  SEGMENTS IN THE MODULE
  ======================
CODE
  Relative segment, address: CODE 00001212 - 0000127B (0x6a bytes), align: 1
  Segment part 7.
           ENTRY                   ADDRESS         REF BY
           =====                   =======         ======
           eMBMasterReqWriteHoldingRegister
                                   00001212        Control_task (main)
               calls direct
               CSTACK = 00000000 ( 0000000C )
               RSTACK = 00000000 ( 00000002 )
    -------------------------------------------------------------------------
CODE
  Relative segment, address: CODE 0000127C - 000012C3 (0x48 bytes), align: 1
  Segment part 8.
           ENTRY                   ADDRESS         REF BY
           =====                   =======         ======
           eMBMasterFuncWriteHoldingRegister
                                   0000127C        Segment part 25 (mb_m)
               calls direct
               CSTACK = 00000000 ( 00000001 )
               RSTACK = 00000000 ( 00000002 )
    -------------------------------------------------------------------------
CODE
  Relative segment, address: CODE 000012C4 - 00001353 (0x90 bytes), align: 1
  Segment part 10.
           ENTRY                   ADDRESS         REF BY
           =====                   =======         ======
           eMBMasterFuncWriteMultipleHoldingRegister
                                   000012C4        Segment part 25 (mb_m)
               calls direct
               CSTACK = 00000000 ( 00000006 )
               RSTACK = 00000000 ( 00000002 )

    *************************************************************************

  FILE NAME : E:\³ÂÊÀºÀ\¹¤×÷\Î¢ÐÍ»úÆ÷ÈË\ÏîÄ¿¹¤³Ì\ÊÖ³Ö²Ù×÷ºÐ\³ÌÐòÎÄ¼þ\eRobo-100eRobo-100HandheldOperationBox\IAR_WorkSpace\Debug\Obj\mbfuncinput_m.r90
  PROGRAM MODULE, NAME : mbfuncinput_m

  SEGMENTS IN THE MODULE
  ======================
CODE
  Relative segment, address: CODE 00001354 - 000013E5 (0x92 bytes), align: 1
  Segment part 8.
           ENTRY                   ADDRESS         REF BY
           =====                   =======         ======
           eMBMasterFuncReadInputRegister
                                   00001354        Segment part 25 (mb_m)
               calls direct
               CSTACK = 00000000 ( 00000008 )
               RSTACK = 00000000 ( 00000002 )

    *************************************************************************

  FILE NAME : E:\³ÂÊÀºÀ\¹¤×÷\Î¢ÐÍ»úÆ÷ÈË\ÏîÄ¿¹¤³Ì\ÊÖ³Ö²Ù×÷ºÐ\³ÌÐòÎÄ¼þ\eRobo-100eRobo-100HandheldOperationBox\IAR_WorkSpace\Debug\Obj\mbrtu_m.r90
  PROGRAM MODULE, NAME : mbrtu_m

  SEGMENTS IN THE MODULE
  ======================
NEAR_Z
  Relative segment, address: DATA 000003A1 - 000003A1 (0x1 bytes), align: 0
  Segment part 7.             Intra module refs:   eMBMasterRTUSend
                                                   xMBMasterRTUReceiveFSM
                                                   xMBMasterRTUTimerExpired
                                                   xMBMasterRTUTransmitFSM
           LOCAL                   ADDRESS         
           =====                   =======         
           eSndState               000003A1 
    -------------------------------------------------------------------------
NEAR_Z
  Relative segment, address: DATA 000003A2 - 000003A2 (0x1 bytes), align: 0
  Segment part 9.             Intra module refs:   eMBMasterRTUSend
                                                   eMBMasterRTUStart
                                                   xMBMasterRTUReceiveFSM
                                                   xMBMasterRTUTimerExpired
           LOCAL                   ADDRESS         
           =====                   =======         
           eRcvState               000003A2 
    -------------------------------------------------------------------------
NEAR_Z
  Relative segment, address: DATA 000003A3 - 000003C2 (0x20 bytes), align: 0
  Segment part 10.            Intra module refs:   eMBMasterRTUSend
                                                   vMBMasterGetPDUSndBuf
                                                   vMBMasterGetRTUSndBuf
                                                   xMBMasterRTUTransmitFSM
           LOCAL                   ADDRESS         
           =====                   =======         
           ucMasterRTUSndBuf       000003A3 
    -------------------------------------------------------------------------
NEAR_Z
  Relative segment, address: DATA 000003C3 - 000003E2 (0x20 bytes), align: 0
  Segment part 11.            Intra module refs:   eMBMasterRTUReceive
                                                   xMBMasterRTUReceiveFSM
           LOCAL                   ADDRESS         
           =====                   =======         
           ucMasterRTURcvBuf       000003C3 
    -------------------------------------------------------------------------
NEAR_Z
  Relative segment, address: DATA 000003E3 - 000003E4 (0x2 bytes), align: 0
  Segment part 12.            Intra module refs:   usMBMasterGetPDUSndLength
                                                   vMBMasterSetPDUSndLength
           LOCAL                   ADDRESS         
           =====                   =======         
           usMasterSendPDULength   000003E3 
    -------------------------------------------------------------------------
NEAR_Z
  Relative segment, address: DATA 000003E5 - 000003E6 (0x2 bytes), align: 0
  Segment part 13.            Intra module refs:   eMBMasterRTUSend
                                                   xMBMasterRTUTransmitFSM
           LOCAL                   ADDRESS         
           =====                   =======         
           pucMasterSndBufferCur   000003E5 
    -------------------------------------------------------------------------
NEAR_Z
  Relative segment, address: DATA 000003E7 - 000003E8 (0x2 bytes), align: 0
  Segment part 14.            Intra module refs:   eMBMasterRTUSend
                                                   xMBMasterRTUTransmitFSM
           LOCAL                   ADDRESS         
           =====                   =======         
           usMasterSndBufferCount
                                   000003E7 
    -------------------------------------------------------------------------
NEAR_Z
  Relative segment, address: DATA 000003E9 - 000003EA (0x2 bytes), align: 0
  Segment part 15.            Intra module refs:   eMBMasterRTUReceive
                                                   xMBMasterRTUReceiveFSM
           LOCAL                   ADDRESS         
           =====                   =======         
           usMasterRcvBufferPos    000003E9 
    -------------------------------------------------------------------------
NEAR_Z
  Relative segment, address: DATA 000003EB - 000003EB (0x1 bytes), align: 0
  Segment part 16.            Intra module refs:   xMBMasterRTUTimerExpired
                                                   xMBMasterRTUTransmitFSM
                                                   xMBMasterRequestIsBroadcast
           LOCAL                   ADDRESS         
           =====                   =======         
           xFrameIsBroadcast       000003EB 
    -------------------------------------------------------------------------
NEAR_Z
  Relative segment, address: DATA 000003EC - 000003EC (0x1 bytes), align: 0
  Segment part 17.            Intra module refs:   xMBMasterRTUTimerExpired
           LOCAL                   ADDRESS         
           =====                   =======         
           eMasterCurTimerMode     000003EC 
    -------------------------------------------------------------------------
CODE
  Relative segment, address: CODE 000013E6 - 00001459 (0x74 bytes), align: 1
  Segment part 18.
           ENTRY                   ADDRESS         REF BY
           =====                   =======         ======
           eMBMasterRTUInit        000013E6        eMBMasterInit (mb_m)
               calls direct
               CSTACK = 00000000 ( 00000007 )
               RSTACK = 00000000 ( 00000004 )
    -------------------------------------------------------------------------
CODE
  Relative segment, address: CODE 0000145A - 00001475 (0x1c bytes), align: 1
  Segment part 19.
           ENTRY                   ADDRESS         REF BY
           =====                   =======         ======
           eMBMasterRTUStart       0000145A        eMBMasterInit (mb_m)
               calls direct
               RSTACK = 00000000 ( 00000002 )
    -------------------------------------------------------------------------
CODE
  Relative segment, address: CODE 00001476 - 0000148B (0x16 bytes), align: 1
  Segment part 20.
           ENTRY                   ADDRESS         REF BY
           =====                   =======         ======
           eMBMasterRTUStop        00001476        eMBMasterInit (mb_m)
               calls direct
               RSTACK = 00000000 ( 00000002 )
    -------------------------------------------------------------------------
CODE
  Relative segment, address: CODE 0000148C - 000014EF (0x64 bytes), align: 1
  Segment part 21.
           ENTRY                   ADDRESS         REF BY
           =====                   =======         ======
           eMBMasterRTUReceive     0000148C        eMBMasterInit (mb_m)
               calls direct
               CSTACK = 00000000 ( 00000008 )
               RSTACK = 00000000 ( 00000002 )
    -------------------------------------------------------------------------
CODE
  Relative segment, address: CODE 000014F0 - 000015AF (0xc0 bytes), align: 1
  Segment part 22.
           ENTRY                   ADDRESS         REF BY
           =====                   =======         ======
           eMBMasterRTUSend        000014F0        eMBMasterInit (mb_m)
               calls direct
               CSTACK = 00000000 ( 00000006 )
               RSTACK = 00000000 ( 00000002 )
    -------------------------------------------------------------------------
CODE
  Relative segment, address: CODE 000015B0 - 0000165B (0xac bytes), align: 1
  Segment part 23.
           ENTRY                   ADDRESS         REF BY
           =====                   =======         ======
           xMBMasterRTUReceiveFSM
                                   000015B0        eMBMasterInit (mb_m)
               calls direct
               CSTACK = 00000000 ( 00000004 )
               RSTACK = 00000000 ( 00000002 )
    -------------------------------------------------------------------------
CODE
  Relative segment, address: CODE 0000165C - 000016EB (0x90 bytes), align: 1
  Segment part 24.
           ENTRY                   ADDRESS         REF BY
           =====                   =======         ======
           xMBMasterRTUTransmitFSM
                                   0000165C        eMBMasterInit (mb_m)
               calls direct
               CSTACK = 00000000 ( 00000001 )
               RSTACK = 00000000 ( 00000002 )
    -------------------------------------------------------------------------
CODE
  Relative segment, address: CODE 000016EC - 00001771 (0x86 bytes), align: 1
  Segment part 25.
           ENTRY                   ADDRESS         REF BY
           =====                   =======         ======
           xMBMasterRTUTimerExpired
                                   000016EC        eMBMasterInit (mb_m)
               calls direct
               CSTACK = 00000000 ( 00000001 )
               RSTACK = 00000000 ( 00000002 )
    -------------------------------------------------------------------------
CODE
  Relative segment, address: CODE 00001772 - 0000177D (0xc bytes), align: 1
  Segment part 26.
           ENTRY                   ADDRESS         REF BY
           =====                   =======         ======
           vMBMasterGetRTUSndBuf   00001772        Control_task (main)
               RSTACK = 00000000 ( 00000002 )
    -------------------------------------------------------------------------
CODE
  Relative segment, address: CODE 0000177E - 00001789 (0xc bytes), align: 1
  Segment part 27.
           ENTRY                   ADDRESS         REF BY
           =====                   =======         ======
           vMBMasterGetPDUSndBuf   0000177E        eMBMasterFuncReadInputRegister (mbfuncinput_m)
                                                   eMBMasterFuncWriteMultipleHoldingRegister (mbfuncholding_m)
                                                   eMBMasterPoll (mb_m)
                                                   eMBMasterReqWriteHoldingRegister (mbfuncholding_m)
               RSTACK = 00000000 ( 00000002 )
    -------------------------------------------------------------------------
CODE
  Relative segment, address: CODE 0000178A - 00001793 (0xa bytes), align: 1
  Segment part 28.
           ENTRY                   ADDRESS         REF BY
           =====                   =======         ======
           vMBMasterSetPDUSndLength
                                   0000178A        eMBMasterReqWriteHoldingRegister (mbfuncholding_m)
               RSTACK = 00000000 ( 00000002 )
    -------------------------------------------------------------------------
CODE
  Relative segment, address: CODE 00001794 - 0000179D (0xa bytes), align: 1
  Segment part 29.
           ENTRY                   ADDRESS         REF BY
           =====                   =======         ======
           usMBMasterGetPDUSndLength
                                   00001794        Control_task (main)
                                                   eMBMasterPoll (mb_m)
               RSTACK = 00000000 ( 00000002 )
    -------------------------------------------------------------------------
CODE
  Relative segment, address: CODE 0000179E - 000017A3 (0x6 bytes), align: 1
  Segment part 31.
           ENTRY                   ADDRESS         REF BY
           =====                   =======         ======
           xMBMasterRequestIsBroadcast
                                   0000179E        eMBMasterFuncReadInputRegister (mbfuncinput_m)
                                                   eMBMasterFuncWriteMultipleHoldingRegister (mbfuncholding_m)
                                                   eMBMasterPoll (mb_m)
               RSTACK = 00000000 ( 00000002 )

    *************************************************************************

  FILE NAME : E:\³ÂÊÀºÀ\¹¤×÷\Î¢ÐÍ»úÆ÷ÈË\ÏîÄ¿¹¤³Ì\ÊÖ³Ö²Ù×÷ºÐ\³ÌÐòÎÄ¼þ\eRobo-100eRobo-100HandheldOperationBox\IAR_WorkSpace\Debug\Obj\mbutils.r90
  PROGRAM MODULE, NAME : mbutils

  SEGMENTS IN THE MODULE
  ======================
CODE
  Relative segment, address: CODE 000017A4 - 000017C1 (0x1e bytes), align: 1
  Segment part 7.
           ENTRY                   ADDRESS         REF BY
           =====                   =======         ======
           prveMBError2Exception   000017A4        eMBMasterFuncReadInputRegister (mbfuncinput_m)
                                                   eMBMasterFuncWriteHoldingRegister (mbfuncholding_m)
                                                   eMBMasterFuncWriteMultipleHoldingRegister (mbfuncholding_m)
               RSTACK = 00000000 ( 00000002 )

    *************************************************************************

  FILE NAME : E:\³ÂÊÀºÀ\¹¤×÷\Î¢ÐÍ»úÆ÷ÈË\ÏîÄ¿¹¤³Ì\ÊÖ³Ö²Ù×÷ºÐ\³ÌÐòÎÄ¼þ\eRobo-100eRobo-100HandheldOperationBox\IAR_WorkSpace\Debug\Obj\port.r90
  PROGRAM MODULE, NAME : port

  SEGMENTS IN THE MODULE
  ======================
ABSOLUTE
  Relative segment, address: DATA 00000088 - 00000089 (0x2 bytes), align: 0
  Segment part 1. ROOT        Intra module refs:   prvSetupTimerInterrupt
           ENTRY                   ADDRESS         REF BY
           =====                   =======         ======
           _A_OCR1A                00000088 
           LOCAL                   ADDRESS         
           =====                   =======         
           OCR1A                   00000088 
           OCR1AH                  00000089 
           OCR1AL                  00000088 
    -------------------------------------------------------------------------
ABSOLUTE
  Relative segment, address: DATA 00000081 - 00000081 (0x1 bytes), align: 0
  Segment part 2. ROOT        Intra module refs:   prvSetupTimerInterrupt
           ENTRY                   ADDRESS         REF BY
           =====                   =======         ======
           _A_TCCR1B               00000081 
           LOCAL                   ADDRESS         
           =====                   =======         
           TCCR1B                  00000081 
    -------------------------------------------------------------------------
ABSOLUTE
  Relative segment, address: DATA 0000006F - 0000006F (0x1 bytes), align: 0
  Segment part 3. ROOT        Intra module refs:   prvSetupTimerInterrupt
           ENTRY                   ADDRESS         REF BY
           =====                   =======         ======
           _A_TIMSK1               0000006F 
           LOCAL                   ADDRESS         
           =====                   =======         
           TIMSK1                  0000006F 
    -------------------------------------------------------------------------
NEAR_I
  Relative segment, address: DATA 000001E1 - 000001E1 (0x1 bytes), align: 0
  Segment part 10.            Intra module refs:   vPortEnterCritical
                                                   vPortExitCritical
           ENTRY                   ADDRESS         REF BY
           =====                   =======         ======
           uxCriticalNesting       000001E1        Segment part 0 (portmacro)
    -------------------------------------------------------------------------
CODE
  Relative segment, address: CODE 000017C2 - 000018BF (0xfe bytes), align: 1
  Segment part 13.
           ENTRY                   ADDRESS         REF BY
           =====                   =======         ======
           pxPortInitialiseStack   000017C2        xTaskGenericCreate (tasks)
               RSTACK = 00000000 ( 00000002 )
    -------------------------------------------------------------------------
CODE
  Relative segment, address: CODE 000018C0 - 000018C9 (0xa bytes), align: 1
  Segment part 14.
           ENTRY                   ADDRESS         REF BY
           =====                   =======         ======
           xPortStartScheduler     000018C0        vTaskStartScheduler (tasks)
               calls direct
               RSTACK = 00000000 ( 00000002 )
    -------------------------------------------------------------------------
CODE
  Relative segment, address: CODE 000018CA - 000018FD (0x34 bytes), align: 1
  Segment part 16.            Intra module refs:   xPortStartScheduler
           LOCAL                   ADDRESS         
           =====                   =======         
           prvSetupTimerInterrupt
                                   000018CA 
               RSTACK = 00000000 ( 00000004 )
    -------------------------------------------------------------------------
CODE
  Relative segment, address: CODE 000018FE - 00001905 (0x8 bytes), align: 1
  Segment part 17.
           ENTRY                   ADDRESS         REF BY
           =====                   =======         ======
           SIG_OUTPUT_COMPARE1A    000018FE        Absolute parts (portmacro)
               calls direct
               RSTACK = 00000000 ( 00000002 )
    -------------------------------------------------------------------------
CODE
  Relative segment, address: CODE 00001906 - 00001913 (0xe bytes), align: 1
  Segment part 18.
           ENTRY                   ADDRESS         REF BY
           =====                   =======         ======
           vPortEnterCritical      00001906        xTaskGenericCreate (tasks)
[...]
           ENTRY                   ADDRESS         REF BY
           =====                   =======         ======
           ?EPILOGUE_B8_L09        0000266E        eMBMasterRTUReceive (mbrtu_m)
                                                   vTaskDelayUntil (tasks)
    -------------------------------------------------------------------------
CODE
  Relative segment, address: CODE 00002670 - 00002671 (0x2 bytes), align: 1
  Segment part 9.             Intra module refs:   ?EPILOGUE_B8_L09
           ENTRY                   ADDRESS         REF BY
           =====                   =======         ======
           ?EPILOGUE_B7_L09        00002670        eMBMasterRTUInit (mbrtu_m)
    -------------------------------------------------------------------------
CODE
  Relative segment, address: CODE 00002672 - 00002673 (0x2 bytes), align: 1
  Segment part 10.            Intra module refs:   ?EPILOGUE_B7_L09
           ENTRY                   ADDRESS         REF BY
           =====                   =======         ======
           ?EPILOGUE_B6_L09        00002672        eMBMasterFuncReadInputRegister (mbfuncinput_m)
                                                   eMBMasterRTUSend (mbrtu_m)
                                                   eMBMasterReqWriteHoldingRegister (mbfuncholding_m)
                                                   prvAllocateTCBAndStack (tasks)
    -------------------------------------------------------------------------
CODE
  Relative segment, address: CODE 00002674 - 00002675 (0x2 bytes), align: 1
  Segment part 11.            Intra module refs:   ?EPILOGUE_B6_L09
           ENTRY                   ADDRESS         REF BY
           =====                   =======         ======
           ?EPILOGUE_B5_L09        00002674        Display_Char (LCD12864)
                                                   Display_String (LCD12864)
    -------------------------------------------------------------------------
CODE
  Relative segment, address: CODE 00002676 - 00002677 (0x2 bytes), align: 1
  Segment part 12.            Intra module refs:   ?EPILOGUE_B5_L09
           ENTRY                   ADDRESS         REF BY
           =====                   =======         ======
           ?EPILOGUE_B4_L09        00002676        eMBMasterFuncWriteMultipleHoldingRegister (mbfuncholding_m)
                                                   eMBMasterPoll (mb_m)
                                                   prvInitialiseTCBVariables (tasks)
                                                   pvPortMalloc (heap_1)
                                                   xTaskResumeAll (tasks)
    -------------------------------------------------------------------------
CODE
  Relative segment, address: CODE 00002678 - 00002679 (0x2 bytes), align: 1
  Segment part 13.            Intra module refs:   ?EPILOGUE_B4_L09
           ENTRY                   ADDRESS         REF BY
           =====                   =======         ======
           ?EPILOGUE_B3_L09        00002678        xMBMasterRTUReceiveFSM (mbrtu_m)
    -------------------------------------------------------------------------
CODE
  Relative segment, address: CODE 0000267A - 0000267B (0x2 bytes), align: 1
  Segment part 14.            Intra module refs:   ?EPILOGUE_B3_L09
           ENTRY                   ADDRESS         REF BY
           =====                   =======         ======
           ?EPILOGUE_B2_L09        0000267A 
    -------------------------------------------------------------------------
CODE
  Relative segment, address: CODE 0000267C - 0000267D (0x2 bytes), align: 1
  Segment part 15.            Intra module refs:   ?EPILOGUE_B2_L09
           ENTRY                   ADDRESS         REF BY
           =====                   =======         ======
           ?EPILOGUE_B1_L09        0000267C 
    -------------------------------------------------------------------------
CODE
  Relative segment, address: CODE 0000267E - 00002687 (0xa bytes), align: 1
  Segment part 16.            Intra module refs:   ?EPILOGUE_B1_L09
           ENTRY                   ADDRESS         REF BY
           =====                   =======         ======
           ?EPILOGUE_B0_L09        0000267E 

    -------------------------------------------------------------------------
  LIBRARY MODULE, NAME : ?REGISTER_CGREGR4_L10

  SEGMENTS IN THE MODULE
  ======================
CODE
  Relative segment, address: CODE 00002688, align: 1
  Segment part 0.
           ENTRY                   ADDRESS         REF BY
           =====                   =======         ======
           ?Register_R4_is_cg_reg
                                   00002688        Display_Char (LCD12864)
                                                   Display_String (LCD12864)
                                                   eMBMasterFuncReadInputRegister (mbfuncinput_m)
                                                   eMBMasterRTUInit (mbrtu_m)
                                                   eMBMasterRTUReceive (mbrtu_m)
                                                   eMBMasterRTUSend (mbrtu_m)
                                                   eMBMasterReqWriteHoldingRegister (mbfuncholding_m)
                                                   prvAllocateTCBAndStack (tasks)
                                                   vTaskDelayUntil (tasks)
                                                   xTaskGenericCreate (tasks)

    -------------------------------------------------------------------------
  LIBRARY MODULE, NAME : ?REGISTER_CGREGR5_L10

  SEGMENTS IN THE MODULE
  ======================
CODE
  Relative segment, address: CODE 00002688, align: 1
  Segment part 0.
           ENTRY                   ADDRESS         REF BY
           =====                   =======         ======
           ?Register_R5_is_cg_reg
                                   00002688        eMBMasterFuncReadInputRegister (mbfuncinput_m)
                                                   eMBMasterRTUInit (mbrtu_m)
                                                   eMBMasterRTUSend (mbrtu_m)
                                                   eMBMasterReqWriteHoldingRegister (mbfuncholding_m)
                                                   prvAllocateTCBAndStack (tasks)

    -------------------------------------------------------------------------
  LIBRARY MODULE, NAME : ?REGISTER_CGREGR6_L10

  SEGMENTS IN THE MODULE
  ======================
CODE
  Relative segment, address: CODE 00002688, align: 1
  Segment part 0.
           ENTRY                   ADDRESS         REF BY
           =====                   =======         ======
           ?Register_R6_is_cg_reg
                                   00002688        eMBMasterRTUInit (mbrtu_m)
                                                   eMBMasterRTUReceive (mbrtu_m)
                                                   vTaskDelayUntil (tasks)
                                                   xTaskGenericCreate (tasks)

    -------------------------------------------------------------------------
  LIBRARY MODULE, NAME : ?REGISTER_CGREGR7_L10

  SEGMENTS IN THE MODULE
  ======================
CODE
  Relative segment, address: CODE 00002688, align: 1
  Segment part 0.
           ENTRY                   ADDRESS         REF BY
           =====                   =======         ======
           ?Register_R7_is_cg_reg
                                   00002688        eMBMasterRTUReceive (mbrtu_m)
                                                   vTaskDelayUntil (tasks)
                                                   xTaskGenericCreate (tasks)

    -------------------------------------------------------------------------
  LIBRARY MODULE, NAME : ?REGISTER_CGREGR8_L10

  SEGMENTS IN THE MODULE
  ======================
CODE
  Relative segment, address: CODE 00002688, align: 1
  Segment part 0.
           ENTRY                   ADDRESS         REF BY
           =====                   =======         ======
           ?Register_R8_is_cg_reg
                                   00002688        xTaskGenericCreate (tasks)

    -------------------------------------------------------------------------
  LIBRARY MODULE, NAME : ?REGISTER_CGREGR9_L10

  SEGMENTS IN THE MODULE
  ======================
CODE
  Relative segment, address: CODE 00002688, align: 1
  Segment part 0.
           ENTRY                   ADDRESS         REF BY
           =====                   =======         ======
           ?Register_R9_is_cg_reg
                                   00002688        xTaskGenericCreate (tasks)

    -------------------------------------------------------------------------
  LIBRARY MODULE, NAME : ?REGISTER_CGREGR10_L10

  SEGMENTS IN THE MODULE
  ======================
CODE
  Relative segment, address: CODE 00002688, align: 1
  Segment part 0.
           ENTRY                   ADDRESS         REF BY
           =====                   =======         ======
           ?Register_R10_is_cg_reg
                                   00002688        xTaskGenericCreate (tasks)

    -------------------------------------------------------------------------
  LIBRARY MODULE, NAME : ?REGISTER_CGREGR11_L10

  SEGMENTS IN THE MODULE
  ======================
CODE
  Relative segment, address: CODE 00002688, align: 1
  Segment part 0.
           ENTRY                   ADDRESS         REF BY
           =====                   =======         ======
           ?Register_R11_is_cg_reg
                                   00002688        xTaskGenericCreate (tasks)

    -------------------------------------------------------------------------
  LIBRARY MODULE, NAME : ?REGISTER_CGREGR12_L10

  SEGMENTS IN THE MODULE
  ======================
CODE
  Relative segment, address: CODE 00002688, align: 1
  Segment part 0.
           ENTRY                   ADDRESS         REF BY
           =====                   =======         ======
           ?Register_R12_is_cg_reg
                                   00002688        xTaskGenericCreate (tasks)

    -------------------------------------------------------------------------
  LIBRARY MODULE, NAME : ?REGISTER_CGREGR13_L10

  SEGMENTS IN THE MODULE
  ======================
CODE
  Relative segment, address: CODE 00002688, align: 1
  Segment part 0.
           ENTRY                   ADDRESS         REF BY
           =====                   =======         ======
           ?Register_R13_is_cg_reg
                                   00002688        xTaskGenericCreate (tasks)

    -------------------------------------------------------------------------
  LIBRARY MODULE, NAME : ?low_level_init

  SEGMENTS IN THE MODULE
  ======================
CODE
  Relative segment, address: CODE 00002688 - 0000268B (0x4 bytes), align: 1
  Segment part 3.
           ENTRY                   ADDRESS         REF BY
           =====                   =======         ======
           __low_level_init        00002688        ?call_low_level_init (?C_STARTUP)
               RSTACK = 00000000 ( 00000002 )

    -------------------------------------------------------------------------
  LIBRARY MODULE, NAME : ?memset

  SEGMENTS IN THE MODULE
  ======================
CODE
  Relative segment, address: CODE 0000268C - 0000269D (0x12 bytes), align: 1
  Segment part 3.
           ENTRY                   ADDRESS         REF BY
           =====                   =======         ======
           memset                  0000268C        prvAllocateTCBAndStack (tasks)
               RSTACK = 00000000 ( 00000002 )

    -------------------------------------------------------------------------
  LIBRARY MODULE, NAME : ?segment_init

  SEGMENTS IN THE MODULE
  ======================
CODE
  Relative segment, address: CODE 0000269E - 000026A5 (0x8 bytes), align: 1
  Segment part 3.             Intra module refs:   __segment_init
           LOCAL                   ADDRESS         
           =====                   =======         
           __memclr                0000269E 
               RSTACK = 00000000 ( 00000002 )
    -------------------------------------------------------------------------
CODE
  Relative segment, address: CODE 000026A6 - 000026AD (0x8 bytes), align: 1
  Segment part 4.             Intra module refs:   __segment_init
           LOCAL                   ADDRESS         
           =====                   =======         
           __flashcpy              000026A6 
               RSTACK = 00000000 ( 00000002 )
    -------------------------------------------------------------------------
CODE
  Relative segment, address: CODE 000026AE - 000026B9 (0xc bytes), align: 1
  Segment part 5.             Intra module refs:   __flashcpy
                                                   __memclr
    -------------------------------------------------------------------------
CODE
  Relative segment, address: CODE 000026BA - 000026ED (0x34 bytes), align: 1
  Segment part 6.
           ENTRY                   ADDRESS         REF BY
           =====                   =======         ======
           __segment_init          000026BA        ?need_segment_init (?C_STARTUP)
               calls direct
               RSTACK = 00000000 ( 00000002 )

    -------------------------------------------------------------------------
  LIBRARY MODULE, NAME : ?strncpy

  SEGMENTS IN THE MODULE
  ======================
CODE
  Relative segment, address: CODE 000026EE - 00002711 (0x24 bytes), align: 1
  Segment part 3.
           ENTRY                   ADDRESS         REF BY
           =====                   =======         ======
           strncpy                 000026EE        prvInitialiseTCBVariables (tasks)
               CSTACK = 00000000 ( 00000004 )
               RSTACK = 00000000 ( 00000002 )
    -------------------------------------------------------------------------
CODE
  Relative segment, address: CODE 00002712 - 0000271B (0xa bytes), align: 1
  Segment part 4.             Intra module refs:   strncpy

    *************************************************************************

  DEFINED ABSOLUTE ENTRIES
  PROGRAM MODULE, NAME : ?FILLER_BYTES

  SEGMENTS IN THE MODULE
  ======================
INTVEC
  Common segment, address: CODE 00000000 - 00000003 (0x4 bytes), align: 0
  Segment part 4.
    -------------------------------------------------------------------------
?FILL4
  Relative segment, address: CODE 0000005C - 0000007F (0x24 bytes), align: 0
  Segment part 3.
    -------------------------------------------------------------------------
?FILL3
  Relative segment, address: CODE 00000048 - 00000053 (0xc bytes), align: 0
  Segment part 2.
    -------------------------------------------------------------------------
?FILL2
  Relative segment, address: CODE 00000034 - 00000043 (0x10 bytes), align: 0
  Segment part 1.
    -------------------------------------------------------------------------
?FILL1
  Relative segment, address: CODE 00000004 - 0000002F (0x2c bytes), align: 0
  Segment part 0.




                ****************************************
                *                                      *
                *            MODULE SUMMARY            *
                *                                      *
                ****************************************

Module                  CODE           DATA
------                  ----           ----
                     (Rel)  (Abs)  (Rel)  (Abs)
?C_STARTUP              36
?EPILOGUE_B_L09         38
?FILLER_BYTES          108
  + common               4
?PROLOGUE_L09           30
?RESET
  + common               4
?S_EC_MUL_L02           16
?UL_DIVMOD_L03          70
?UL_SHR_L03             14
?__exit                  6
?low_level_init          4
?memset                 18
?segment_init           80
?strncpy                46
?xV_SWITCH_L06         156
IO_Port                 44                    2
  + shared                                    4
LCD12864             1 170                    1
SN74HC573               66             1
User_Modbus_API        126
heap_1                 106           402
  + shared               6
list                   336
main                 1 599           119      2
  + shared               6
mb_m                   784            48
mbcrc                  588
mbfuncholding_m        322
mbfuncinput_m          146
mbrtu_m                958            76
mbutils                 30
port                   361             1      4
portevent_m            108             3
portmacro              474     16
portserial             302                    6
  + shared                                    1
porttimer              288             3      4
tasks                1 699            96
N/A (command line)                    96
N/A (alignment)
----------          ------     --    ---     --
Total:              10 141     16    845     24
  + common               4


                ****************************************
                *                                      *
                *      SEGMENTS IN ADDRESS ORDER       *
                *                                      *
                ****************************************


SEGMENT              SPACE    START ADDRESS   END ADDRESS     SIZE  TYPE  ALIGN
=======              =====    =============   ===========     ====  ====  =====
INTVEC               CODE          00000000 - 00000003           4   com    1
?FILL1               CODE          00000004 - 0000002F          2C   rel    0
?FILL2               CODE          00000034 - 00000043          10   rel    0
?FILL3               CODE          00000048 - 00000053           C   rel    0
?FILL4               CODE          0000005C - 0000007F          24   rel    0
NEAR_F               CODE          00000080 - 0000057F         500   rel    0
SWITCH               CODE          00000580 - 00000593          14   rel    1
CODE                 CODE          00000594 - 0000271B        2188   rel    1
INITTAB              CODE          0000271C - 00002727           C   rel    0
NEAR_ID              CODE          00002728 - 000027B0          89   rel    0
ABSOLUTE             DATA               0000001F                     rel    0
                     DATA               00000020                   
                     DATA               00000021                   
                     DATA               00000022                   
                     DATA          00000023 - 0000002B           9 
                     DATA          00000044 - 00000046           3 
                     DATA          0000005F - 0000005F           1 
                     DATA          0000006E - 0000006F           2 
                     DATA          00000081 - 00000081           1 
                     DATA          00000088 - 00000089           2 
                     DATA          000000C0 - 000000C2           3 
                     DATA          000000C4 - 000000C6           3 
CSTACK               DATA          00000100 - 0000013F          40   dse    0
RSTACK               DATA          00000140 - 0000015F          20   dse    0
NEAR_I               DATA          00000160 - 000001E8          89   rel    0
NEAR_Z               DATA          000001E9 - 0000044C         264   rel    0
                     CODE          00000030 - 00000033           4  aseg  
                     CODE          00000044 - 00000047           4  aseg  
                     CODE          00000054 - 0000005B           8  aseg  

                ****************************************
                *                                      *
                *        END OF CROSS REFERENCE        *
                *                                      *
                ****************************************

 10 037 bytes of CODE memory (+ 16 absolute, 108 range fill )
    845 bytes of DATA memory (+ 24 absolute  )

Errors: none
Warnings: 1

