################################################################################
#                                                                              #
#      IAR Universal Linker V5.8.0.42                                          #
#                                                                              #
#           Link time     =  10/Nov/2015  13:08:02                             #
#           Target CPU    =  A90                                               #
#           List file     =  E:\³ÂÊÀºÀ\¹¤×÷\Î¢ÐÍ»úÆ÷ÈË\ÏîÄ¿¹¤³Ì\ÊÖ³Ö²Ù×÷ºÐ\³ÌÐ #
#                            òÎÄ¼þ\eRobo-100eRobo-100HandheldOperationBox\IAR_ #
#                            WorkSpace\Debug\List\ER-100ÊÖ³Ö²Ù×÷ºÐ.map         #
#           Output file 1 =  E:\³ÂÊÀºÀ\¹¤×÷\Î¢ÐÍ»úÆ÷ÈË\ÏîÄ¿¹¤³Ì\ÊÖ³Ö²Ù×÷ºÐ\³ÌÐ #
#                            òÎÄ¼þ\eRobo-100eRobo-100HandheldOperationBox\IAR_ #
#                            WorkSpace\Debug\Exe\ER-100ÊÖ³Ö²Ù×÷ºÐ.hex          #
#                            Format: intel-extended, variant: -y(CODE)         #
#           Output file 2 =  E:\³ÂÊÀºÀ\¹¤×÷\Î¢ÐÍ»úÆ÷ÈË\ÏîÄ¿¹¤³Ì\ÊÖ³Ö²Ù×÷ºÐ\³ÌÐ #
#                            òÎÄ¼þ\eRobo-100eRobo-100HandheldOperationBox\IAR_ #
#                            WorkSpace\Debug\Exe\ER-100ÊÖ³Ö²Ù×÷ºÐ.eep          #
#                            Format: intel-extended, variant: -y(XDATA)        #
#           Output file 3 =  E:\³ÂÊÀºÀ\¹¤×÷\Î¢ÐÍ»úÆ÷ÈË\ÏîÄ¿¹¤³Ì\ÊÖ³Ö²Ù×÷ºÐ\³ÌÐ #
#                            òÎÄ¼þ\eRobo-100eRobo-100HandheldOperationBox\IAR_ #
#                            WorkSpace\Debug\Exe\ER-100ÊÖ³Ö²Ù×÷ºÐ.d90          #
#                            Format: debug                                     #
#                            UBROF version 10.0.6                              #
#                            Using library modules for C-SPY (-rt)             #
#           Command line  =  -Ointel-extended,(CODE)=.hex                      #
#                            -Ointel-extended,(XDATA)=.eep                     #
#                            E:\³ÂÊÀºÀ\¹¤×÷\Î¢ÐÍ»úÆ÷ÈË\ÏîÄ¿¹¤³Ì\ÊÖ³Ö²Ù×÷ºÐ\³ÌÐ #
#                            òÎÄ¼þ\eRobo-100eRobo-100HandheldOperationBox\IAR_ #
#                            WorkSpace\Debug\Obj\heap_1.r90                    #
#                            E:\³ÂÊÀºÀ\¹¤×÷\Î¢ÐÍ»úÆ÷ÈË\ÏîÄ¿¹¤³Ì\ÊÖ³Ö²Ù×÷ºÐ\³ÌÐ #
#                            òÎÄ¼þ\eRobo-100eRobo-100HandheldOperationBox\IAR_ #
#                            WorkSpace\Debug\Obj\IO_Port.r90                   #
#                            E:\³ÂÊÀºÀ\¹¤×÷\Î¢ÐÍ»úÆ÷ÈË\ÏîÄ¿¹¤³Ì\ÊÖ³Ö²Ù×÷ºÐ\³ÌÐ #
#                            òÎÄ¼þ\eRobo-100eRobo-100HandheldOperationBox\IAR_ #
#                            WorkSpace\Debug\Obj\LCD12864.r90                  #
#                            E:\³ÂÊÀºÀ\¹¤×÷\Î¢ÐÍ»úÆ÷ÈË\ÏîÄ¿¹¤³Ì\ÊÖ³Ö²Ù×÷ºÐ\³ÌÐ #
#                            òÎÄ¼þ\eRobo-100eRobo-100HandheldOperationBox\IAR_ #
#                            WorkSpace\Debug\Obj\list.r90                      #
#                            E:\³ÂÊÀºÀ\¹¤×÷\Î¢ÐÍ»úÆ÷ÈË\ÏîÄ¿¹¤³Ì\ÊÖ³Ö²Ù×÷ºÐ\³ÌÐ #
#                            òÎÄ¼þ\eRobo-100eRobo-100HandheldOperationBox\IAR_ #
#                            WorkSpace\Debug\Obj\main.r90                      #
#                            E:\³ÂÊÀºÀ\¹¤×÷\Î¢ÐÍ»úÆ÷ÈË\ÏîÄ¿¹¤³Ì\ÊÖ³Ö²Ù×÷ºÐ\³ÌÐ #
#                            òÎÄ¼þ\eRobo-100eRobo-100HandheldOperationBox\IAR_ #
#                            WorkSpace\Debug\Obj\mb_m.r90                      #
#                            E:\³ÂÊÀºÀ\¹¤×÷\Î¢ÐÍ»úÆ÷ÈË\ÏîÄ¿¹¤³Ì\ÊÖ³Ö²Ù×÷ºÐ\³ÌÐ #
#                            òÎÄ¼þ\eRobo-100eRobo-100HandheldOperationBox\IAR_ #
#                            WorkSpace\Debug\Obj\mbcrc.r90                     #
#                            E:\³ÂÊÀºÀ\¹¤×÷\Î¢ÐÍ»úÆ÷ÈË\ÏîÄ¿¹¤³Ì\ÊÖ³Ö²Ù×÷ºÐ\³ÌÐ #
#                            òÎÄ¼þ\eRobo-100eRobo-100HandheldOperationBox\IAR_ #
#                            WorkSpace\Debug\Obj\mbfuncholding_m.r90           #
#                            E:\³ÂÊÀºÀ\¹¤×÷\Î¢ÐÍ»úÆ÷ÈË\ÏîÄ¿¹¤³Ì\ÊÖ³Ö²Ù×÷ºÐ\³ÌÐ #
#                            òÎÄ¼þ\eRobo-100eRobo-100HandheldOperationBox\IAR_ #
#                            WorkSpace\Debug\Obj\mbrtu_m.r90                   #
#                            E:\³ÂÊÀºÀ\¹¤×÷\Î¢ÐÍ»úÆ÷ÈË\ÏîÄ¿¹¤³Ì\ÊÖ³Ö²Ù×÷ºÐ\³ÌÐ #
#                            òÎÄ¼þ\eRobo-100eRobo-100HandheldOperationBox\IAR_ #
#                            WorkSpace\Debug\Obj\mbutils.r90                   #
#                            E:\³ÂÊÀºÀ\¹¤×÷\Î¢ÐÍ»úÆ÷ÈË\ÏîÄ¿¹¤³Ì\ÊÖ³Ö²Ù×÷ºÐ\³ÌÐ #
#                            òÎÄ¼þ\eRobo-100eRobo-100HandheldOperationBox\IAR_ #
#                            WorkSpace\Debug\Obj\Menu.r90                      #
#                            E:\³ÂÊÀºÀ\¹¤×÷\Î¢ÐÍ»úÆ÷ÈË\ÏîÄ¿¹¤³Ì\ÊÖ³Ö²Ù×÷ºÐ\³ÌÐ #
#                            òÎÄ¼þ\eRobo-100eRobo-100HandheldOperationBox\IAR_ #
#                            WorkSpace\Debug\Obj\port.r90                      #
#                            E:\³ÂÊÀºÀ\¹¤×÷\Î¢ÐÍ»úÆ÷ÈË\ÏîÄ¿¹¤³Ì\ÊÖ³Ö²Ù×÷ºÐ\³ÌÐ #
#                            òÎÄ¼þ\eRobo-100eRobo-100HandheldOperationBox\IAR_ #
#                            WorkSpace\Debug\Obj\portevent_m.r90               #
#                            E:\³ÂÊÀºÀ\¹¤×÷\Î¢ÐÍ»úÆ÷ÈË\ÏîÄ¿¹¤³Ì\ÊÖ³Ö²Ù×÷ºÐ\³ÌÐ #
#                            òÎÄ¼þ\eRobo-100eRobo-100HandheldOperationBox\IAR_ #
#                            WorkSpace\Debug\Obj\portmacro.r90                 #
#                            E:\³ÂÊÀºÀ\¹¤×÷\Î¢ÐÍ»úÆ÷ÈË\ÏîÄ¿¹¤³Ì\ÊÖ³Ö²Ù×÷ºÐ\³ÌÐ #
#                            òÎÄ¼þ\eRobo-100eRobo-100HandheldOperationBox\IAR_ #
#                            WorkSpace\Debug\Obj\portserial.r90                #
#                            E:\³ÂÊÀºÀ\¹¤×÷\Î¢ÐÍ»úÆ÷ÈË\ÏîÄ¿¹¤³Ì\ÊÖ³Ö²Ù×÷ºÐ\³ÌÐ #
#                            òÎÄ¼þ\eRobo-100eRobo-100HandheldOperationBox\IAR_ #
#                            WorkSpace\Debug\Obj\porttimer.r90                 #
#                            E:\³ÂÊÀºÀ\¹¤×÷\Î¢ÐÍ»úÆ÷ÈË\ÏîÄ¿¹¤³Ì\ÊÖ³Ö²Ù×÷ºÐ\³ÌÐ #
#                            òÎÄ¼þ\eRobo-100eRobo-100HandheldOperationBox\IAR_ #
#                            WorkSpace\Debug\Obj\queue.r90                     #
#                            E:\³ÂÊÀºÀ\¹¤×÷\Î¢ÐÍ»úÆ÷ÈË\ÏîÄ¿¹¤³Ì\ÊÖ³Ö²Ù×÷ºÐ\³ÌÐ #
#                            òÎÄ¼þ\eRobo-100eRobo-100HandheldOperationBox\IAR_ #
#                            WorkSpace\Debug\Obj\SN74HC573.r90                 #
#                            E:\³ÂÊÀºÀ\¹¤×÷\Î¢ÐÍ»úÆ÷ÈË\ÏîÄ¿¹¤³Ì\ÊÖ³Ö²Ù×÷ºÐ\³ÌÐ #
#                            òÎÄ¼þ\eRobo-100eRobo-100HandheldOperationBox\IAR_ #
#                            WorkSpace\Debug\Obj\tasks.r90                     #
#                            E:\³ÂÊÀºÀ\¹¤×÷\Î¢ÐÍ»úÆ÷ÈË\ÏîÄ¿¹¤³Ì\ÊÖ³Ö²Ù×÷ºÐ\³ÌÐ #
#                            òÎÄ¼þ\eRobo-100eRobo-100HandheldOperationBox\IAR_ #
#                            WorkSpace\Debug\Obj\User_Modbus_API.r90           #
#                            -o                                                #
#                            E:\³ÂÊÀºÀ\¹¤×÷\Î¢ÐÍ»úÆ÷ÈË\ÏîÄ¿¹¤³Ì\ÊÖ³Ö²Ù×÷ºÐ\³ÌÐ #
#                            òÎÄ¼þ\eRobo-100eRobo-100HandheldOperationBox\IAR_ #
#                            WorkSpace\Debug\Exe\ER-100ÊÖ³Ö²Ù×÷ºÐ.d90          #
#                            -l                                                #
#                            E:\³ÂÊÀºÀ\¹¤×÷\Î¢ÐÍ»úÆ÷ÈË\ÏîÄ¿¹¤³Ì\ÊÖ³Ö²Ù×÷ºÐ\³ÌÐ #
#                            òÎÄ¼þ\eRobo-100eRobo-100HandheldOperationBox\IAR_ #
#                            WorkSpace\Debug\List\ER-100ÊÖ³Ö²Ù×÷ºÐ.map         #
#                            -xmsn                                             #
#                            "-IC:\Program Files (x86)\IAR Systems\Embedded Wo #
#                            rkbench 6.5\avr\LIB\"                             #
#                            -f                                                #
#                            "C:\Program Files (x86)\IAR Systems\Embedded Work #
#                            bench 6.5\avr\src\template\cfgpwm316.xcl"         #
#                            (-D_..X_INTVEC_SIZE=80 -D_..X_FLASH_NEND=3FFF     #
#                            -D_..X_FLASH_END=3FFF -D_..X_SRAM_BASE=100        #
#                            -D_..X_SRAM_TBASE=0 -D_..X_SRAM_TSIZE=0           #
#                            -D_..X_SRAM_END=4FF                               #
#                            -D_..X_EXT_SRAM_BASE=_..X_SRAM_END                #
#                            -D_..X_EXT_SRAM_SIZE=0                            #
#                            -D_..X_EXT_ROM_BASE=_..X_SRAM_END                 #
#                            -D_..X_EXT_ROM_SIZE=0                             #
#                            -D_..X_EXT_NV_BASE=_..X_SRAM_END                  #
#                            -D_..X_EXT_NV_SIZE=0 -D_..X_EEPROM_END=1FF        #
#                            -D_..X_EEPROM_START=0) -D_..X_HEAP_SIZE=20        #
#                            -D_..X_TINY_HEAP_SIZE=0 -D_..X_NEAR_HEAP_SIZE=0   #
#                            -D_..X_FAR_HEAP_SIZE=0 -D_..X_HUGE_HEAP_SIZE=0    #
#                            -D_..X_CSTACK_SIZE=50 -D_..X_RSTACK_SIZE=40       #
#                            -D_..X_FLASH_CODE_END=_..X_FLASH_END -f           #
#                            "C:\Program Files (x86)\IAR Systems\Embedded Work #
#                            bench 6.5\avr\src\template\cfg3soim.xcl"          #
#                            (-ca90 -w29                                       #
#                            -Z(CODE)INTVEC=0-(_..X_INTVEC_SIZE-1)             #
#                            -Z(CODE)TINY_F=_..X_FLASH_BASE-FF                 #
#                            -Z(CODE)NEAR_F=_..X_FLASH_BASE-_..X_FLASH_NEND    #
#                            -Z(CODE)SWITCH=_..X_FLASH_BASE-_..X_FLASH_NEND    #
#                            -Z(CODE)DIFUNCT=_..X_FLASH_BASE-_..X_FLASH_NEND   #
#                            -Z(CODE)CODE=_..X_FLASH_BASE-_..X_FLASH_END       #
#                            -P(CODE)FAR_F=[_..X_FLASH_BASE-_..X_FLASH_END]/10 #
#                            000                                               #
#                            -Z(CODE)INITTAB=_..X_FLASH_BASE-_..X_FLASH_END    #
#                            -Z(CODE)HUGE_F=_..X_FLASH_BASE-_..X_FLASH_END     #
#                            -Z(CODE)TINY_ID=_..X_FLASH_BASE-_..X_FLASH_END    #
#                            -Z(CODE)NEAR_ID=_..X_FLASH_BASE-_..X_FLASH_END    #
#                            -Z(CODE)CHECKSUM#_..X_FLASH_END                   #
#                            -Z(DATA)TINY_I,TINY_Z,TINY_N=_..X_SRAM_TBASE:+_.. #
#                            X_SRAM_TSIZE                                      #
#                            -Z(DATA)CSTACK+_..X_CSTACK_SIZE=_..X_CSTACK_BASE- #
#                            _..X_CSTACK_END                                   #
#                            -Z(DATA)HEAP+_..X_HEAP_SIZE=_..X_SRAM_BASE-_..X_S #
#                            RAM_END                                           #
#                            -Z(DATA)IOSTREAM_N#_..X_SRAM_BASE-_..X_SRAM_END   #
#                            -Z(DATA)NEAR_HEAP+_..X_NEAR_HEAP_SIZE=_..X_SRAM_B #
#                            ASE-_..X_SRAM_END                                 #
#                            -Z(DATA)RSTACK+_..X_RSTACK_SIZE=_..X_RSTACK_BASE- #
#                            _..X_RSTACK_END                                   #
#                            -Z(DATA)NEAR_I,NEAR_Z,NEAR_N=_..X_SRAM_BASE-_..X_ #
#                            SRAM_END                                          #
#                            -Z(XDATA)EEPROM_I,EEPROM_N=_..X_EEPROM_START-_..X #
#                            _EEPROM_END)                                      #
#                            -D_..X_FLASH_BASE=_..X_INTVEC_SIZE -H1895         #
#                            -h(CODE)0-(_..X_INTVEC_SIZE-1)                    #
#                            -D_..X_CSTACK_BASE=_..X_SRAM_BASE                 #
#                            -D_..X_CSTACK_END=_..X_SRAM_END                   #
#                            -D_..X_RSTACK_BASE=_..X_SRAM_BASE                 #
#                            -D_..X_RSTACK_END=_..X_SRAM_END -rt -s            #
#                            __program_start                                   #
#                            "C:\Program Files (x86)\IAR Systems\Embedded Work #
#                            bench 6.5\avr\LIB\CLIB\cl3s-ec_mul-sf.r90"        #
#                                                                              #
#                           Copyright (C) 1987-2013 IAR Systems AB.            #
################################################################################





                ****************************************
                *                                      *
                *           CROSS REFERENCE            *
                *                                      *
                ****************************************

       Program entry at : CODE      00000000  Relocatable, from module : ?RESET




                ****************************************
                *                                      *
                *            RUNTIME MODEL             *
                *                                      *
                ****************************************

  R10             = REG
  R11             = REG
  R12             = REG
  R13             = REG
  R4              = REG
  R5              = REG
  R6              = REG
  R7              = REG
  R8              = REG
  R9              = REG
  __64bit_doubles = disabled
  __SystemLibrary = CLib
  __cpu           = 3
  __cpu_name      = AT90PWM316
  __enhanced_core = enabled
  __has_elpm      = false
  __memory_model  = 2
  __rt_version    = 3
  __tiny_avr      = false

                ****************************************
                *                                      *
                *    AUTOMATIC SYMBOL REDIRECTIONS     *
                *                                      *
                ****************************************

                  There are no automatic symbol redirections.



                ****************************************
                *                                      *
                *              MODULE MAP              *
                *                                      *
                ****************************************


  DEFINED ABSOLUTE ENTRIES
  PROGRAM MODULE, NAME : ?ABS_ENTRY_MOD

Absolute parts
           ENTRY                   ADDRESS         REF BY
           =====                   =======         ======
           _..X_RSTACK_END         000004FF 
           _..X_RSTACK_BASE        00000100 
           _..X_CSTACK_END         000004FF 
           _..X_CSTACK_BASE        00000100 
           _..X_FLASH_BASE         00000080 
           _..X_FLASH_CODE_END     00003FFF 
           _..X_RSTACK_SIZE        00000040 
           _..X_CSTACK_SIZE        00000050 
           _..X_HUGE_HEAP_SIZE     00000000 
           _..X_FAR_HEAP_SIZE      00000000 
           _..X_NEAR_HEAP_SIZE     00000000 
           _..X_TINY_HEAP_SIZE     00000000 
           _..X_HEAP_SIZE          00000020 
           _..X_EEPROM_START       00000000 
           _..X_EEPROM_END         000001FF 
           _..X_EXT_NV_SIZE        00000000 
           _..X_EXT_NV_BASE        000004FF 
           _..X_EXT_ROM_SIZE       00000000 
           _..X_EXT_ROM_BASE       000004FF 
           _..X_EXT_SRAM_SIZE      00000000 
           _..X_EXT_SRAM_BASE      000004FF 
           _..X_SRAM_END           000004FF 
           _..X_SRAM_TSIZE         00000000 
           _..X_SRAM_TBASE         00000000 
           _..X_SRAM_BASE          00000100 
           _..X_FLASH_END          00003FFF 
           _..X_FLASH_NEND         00003FFF 
           _..X_INTVEC_SIZE        00000080 
    *************************************************************************

  FILE NAME : E:\³ÂÊÀºÀ\¹¤×÷\Î¢ÐÍ»úÆ÷ÈË\ÏîÄ¿¹¤³Ì\ÊÖ³Ö²Ù×÷ºÐ\³ÌÐòÎÄ¼þ\eRobo-100eRobo-100HandheldOperationBox\IAR_WorkSpace\Debug\Obj\heap_1.r90
  PROGRAM MODULE, NAME : heap_1

  SEGMENTS IN THE MODULE
  ======================
NEAR_Z
  Relative segment, address: DATA 000001BD - 0000034C (0x190 bytes), align: 0
  Segment part 7.             Intra module refs:   pvPortMalloc
           LOCAL                   ADDRESS         
           =====                   =======         
           xHeap                   000001BD 
    -------------------------------------------------------------------------
NEAR_Z
  Relative segment, address: DATA 0000034D - 0000034E (0x2 bytes), align: 0
  Segment part 9.             Intra module refs:   pvPortMalloc
           LOCAL                   ADDRESS         
           =====                   =======         
           xNextFreeByte           0000034D 
    -------------------------------------------------------------------------
CODE
  Relative segment, address: CODE 0000100E - 00001075 (0x68 bytes), align: 1
  Segment part 10.
           ENTRY                   ADDRESS         REF BY
           =====                   =======         ======
           pvPortMalloc            0000100E        prvAllocateTCBAndStack (tasks)
               calls direct
               CSTACK = 00000000 ( 00000004 )
               RSTACK = 00000000 ( 00000002 )
    -------------------------------------------------------------------------
CODE
  Relative segment, address: CODE 00001076 - 00001077 (0x2 bytes), align: 1
  Segment part 11.
           ENTRY                   ADDRESS         REF BY
           =====                   =======         ======
           vPortFree               00001076        prvAllocateTCBAndStack (tasks)
               RSTACK = 00000000 ( 00000002 )
    -------------------------------------------------------------------------
ABSOLUTE
  Relative segment, address: DATA 0000001F, align: 0
  Segment part 1. ROOT 
           ENTRY                   ADDRESS         REF BY
           =====                   =======         ======
           __?EECR                 0000001F 
    -------------------------------------------------------------------------
ABSOLUTE
  Relative segment, address: DATA 00000020, align: 0
  Segment part 2. ROOT 
           ENTRY                   ADDRESS         REF BY
           =====                   =======         ======
           __?EEDR                 00000020 
    -------------------------------------------------------------------------
ABSOLUTE
  Relative segment, address: DATA 00000021, align: 0
  Segment part 3. ROOT 
           ENTRY                   ADDRESS         REF BY
           =====                   =======         ======
           __?EEARL                00000021 
    -------------------------------------------------------------------------
ABSOLUTE
  Relative segment, address: DATA 00000022, align: 0
  Segment part 4. ROOT 
           ENTRY                   ADDRESS         REF BY
           =====                   =======         ======
           __?EEARH                00000022 
    -------------------------------------------------------------------------
INITTAB
  Relative segment, address: CODE 000036E4 - 000036E9 (0x6 bytes), align: 0
  Segment part 8.             Intra module refs:   Key (main)
                                                   Modbus_Reg (main)
                                                   Modbus_Task::Display_xLastWakeTime (main)
                                                   Page_Debug (Menu)
                                                   Page_Old (Menu)
                                                   Sn74hc573_Data (SN74HC573)
                                                   TimeOver_Count (porttimer)
                                                   Time_Count (main)
                                                   Time_Enable (main)
                                                   eMBMasterCurErrorType (mb_m)
                                                   eMBMasterError (portevent_m)
                                                   eMBMasterPoll::eException (mb_m)
                                                   eMBMasterPoll::ucFunctionCode (mb_m)
                                                   eMBMasterPoll::ucMBFrame (mb_m)
                                                   eMBMasterPoll::ucRcvAddress (mb_m)
                                                   eMBMasterPoll::usLength (mb_m)
                                                   eMasterCurTimerMode (mbrtu_m)
                                                   eQueuedEvent (portevent_m)
                                                   eRcvState (mbrtu_m)
                                                   eSndState (mbrtu_m)
                                                   pModbus_Reg (main)
                                                   peMBMasterFrameReceiveCur (mb_m)
                                                   peMBMasterFrameSendCur (mb_m)
                                                   pucMasterSndBufferCur (mbrtu_m)
                                                   pvMBMasterFrameCloseCur (mb_m)
                                                   pvMBMasterFrameStartCur (mb_m)
                                                   pvMBMasterFrameStopCur (mb_m)
                                                   pxCurrentTCB (tasks)
                                                   pxDelayedTaskList (tasks)
                                                   pxMBMasterFrameCBByteReceived (mb_m)
                                                   pxMBMasterFrameCBTransmitterEmpty (mb_m)
                                                   pxMBMasterPortCBTimerExpired (mb_m)
                                                   pxOverflowDelayedTaskList (tasks)
                                                   pxReadyTasksLists (tasks)
                                                   ucMBMasterDestAddress (mb_m)
                                                   ucMasterRTURcvBuf (mbrtu_m)
                                                   ucMasterRTUSndBuf (mbrtu_m)
                                                   usMasterRcvBufferPos (mbrtu_m)
                                                   usMasterSendPDULength (mbrtu_m)
                                                   usMasterSndBufferCount (mbrtu_m)
                                                   usTimerOCRADelta (porttimer)
                                                   uxCurrentNumberOfTasks (tasks)
                                                   uxMissedTicks (tasks)
                                                   uxSchedulerSuspended (tasks)
                                                   uxTaskNumber (tasks)
                                                   uxTopReadyPriority (tasks)
                                                   uxTopUsedPriority (tasks)
                                                   xDelayedTaskList1 (tasks)
                                                   xDelayedTaskList2 (tasks)
                                                   xEventInQueue (portevent_m)
                                                   xFrameIsBroadcast (mbrtu_m)
                                                   xHeap
                                                   xMBRunInMasterMode (mb_m)
                                                   xMissedYield (tasks)
                                                   xNextFreeByte
                                                   xNumOfOverflows (tasks)
                                                   xPendingReadyList (tasks)
                                                   xSchedulerRunning (tasks)
                                                   xSuspendedTaskList (tasks)
                                                   xTickCount (tasks)
           ENTRY                   ADDRESS         REF BY
           =====                   =======         ======
           ?<Segment init: NEAR_Z>
                                   000036E4 

    *************************************************************************

  FILE NAME : E:\³ÂÊÀºÀ\¹¤×÷\Î¢ÐÍ»úÆ÷ÈË\ÏîÄ¿¹¤³Ì\ÊÖ³Ö²Ù×÷ºÐ\³ÌÐòÎÄ¼þ\eRobo-100eRobo-100HandheldOperationBox\IAR_WorkSpace\Debug\Obj\IO_Port.r90
  PROGRAM MODULE, NAME : IO_Port

  SEGMENTS IN THE MODULE
  ======================
ABSOLUTE
  Relative segment, address: DATA 0000002B - 0000002B (0x1 bytes), align: 0
  Segment part 1. ROOT        Intra module refs:   INIT_IO
                                                   Lcd_GetBusy (LCD12864)
                                                   Read_Data (LCD12864)
                                                   Write_Cmd (LCD12864)
                                                   Write_Data (LCD12864)
           ENTRY                   ADDRESS         REF BY
           =====                   =======         ======
           _A_PORTD                0000002B 
           LOCAL                   ADDRESS         
           =====                   =======         
           PORTD                   0000002B 
    -------------------------------------------------------------------------
ABSOLUTE
  Relative segment, address: DATA 0000002A - 0000002A (0x1 bytes), align: 0
  Segment part 2. ROOT        Intra module refs:   INIT_IO
           ENTRY                   ADDRESS         REF BY
           =====                   =======         ======
           _A_DDRD                 0000002A 
           LOCAL                   ADDRESS         
           =====                   =======         
           DDRD                    0000002A 
    -------------------------------------------------------------------------
ABSOLUTE
  Relative segment, address: DATA 00000028 - 00000028 (0x1 bytes), align: 0
  Segment part 3. ROOT        Intra module refs:   Clr_LCD (LCD12864)
                                                   Display_Logo (LCD12864)
                                                   INIT_IO
                                                   LCD_Init (LCD12864)
                                                   Lcd_GetBusy (LCD12864)
                                                   Read_Data (LCD12864)
                                                   Set_Cursor (LCD12864)
                                                   Sn_Output_KeyCode (SN74HC573)
                                                   Write_Cmd (LCD12864)
                                                   Write_Data (LCD12864)
           ENTRY                   ADDRESS         REF BY
           =====                   =======         ======
           _A_PORTC                00000028 
           LOCAL                   ADDRESS         
           =====                   =======         
           PORTC                   00000028 
    -------------------------------------------------------------------------
ABSOLUTE
  Relative segment, address: DATA 00000027 - 00000027 (0x1 bytes), align: 0
  Segment part 4. ROOT        Intra module refs:   INIT_IO
           ENTRY                   ADDRESS         REF BY
           =====                   =======         ======
           _A_DDRC                 00000027 
           LOCAL                   ADDRESS         
           =====                   =======         
           DDRC                    00000027 
    -------------------------------------------------------------------------
ABSOLUTE
  Relative segment, address: DATA 00000025 - 00000025 (0x1 bytes), align: 0
  Segment part 5. ROOT        Intra module refs:   INIT_IO
                                                   Lcd_GetBusy (LCD12864)
                                                   Read_Data (LCD12864)
                                                   Sn_Output_KeyCode (SN74HC573)
                                                   Write_Cmd (LCD12864)
                                                   Write_Data (LCD12864)
           ENTRY                   ADDRESS         REF BY
           =====                   =======         ======
           _A_PORTB                00000025 
           LOCAL                   ADDRESS         
           =====                   =======         
           PORTB                   00000025 
    -------------------------------------------------------------------------
ABSOLUTE
  Relative segment, address: DATA 00000024 - 00000024 (0x1 bytes), align: 0
  Segment part 6. ROOT        Intra module refs:   INIT_IO
                                                   Lcd_GetBusy (LCD12864)
                                                   Read_Data (LCD12864)
           ENTRY                   ADDRESS         REF BY
           =====                   =======         ======
           _A_DDRB                 00000024 
           LOCAL                   ADDRESS         
           =====                   =======         
           DDRB                    00000024 
    -------------------------------------------------------------------------
CODE
  Relative segment, address: CODE 00001078 - 000010A7 (0x30 bytes), align: 1
  Segment part 13.
           ENTRY                   ADDRESS         REF BY
           =====                   =======         ======
           INIT_IO                 00001078        main (main)
               RSTACK = 00000000 ( 00000002 )

    *************************************************************************

  FILE NAME : E:\³ÂÊÀºÀ\¹¤×÷\Î¢ÐÍ»úÆ÷ÈË\ÏîÄ¿¹¤³Ì\ÊÖ³Ö²Ù×÷ºÐ\³ÌÐòÎÄ¼þ\eRobo-100eRobo-100HandheldOperationBox\IAR_WorkSpace\Debug\Obj\LCD12864.r90
  PROGRAM MODULE, NAME : LCD12864

  SEGMENTS IN THE MODULE
  ======================
ABSOLUTE
  Relative segment, address: DATA 00000023 - 00000023 (0x1 bytes), align: 0
  Segment part 5. ROOT        Intra module refs:   Lcd_GetBusy
                                                   Read_Data
           ENTRY                   ADDRESS         REF BY
           =====                   =======         ======
           _A_PINB                 00000023 
           LOCAL                   ADDRESS         
           =====                   =======         
           PINB                    00000023 
    -------------------------------------------------------------------------
NEAR_F
  Relative segment, address: CODE 00000080 - 0000027F (0x200 bytes), align: 0
  Segment part 12.            Intra module refs:   Display_Logo
           ENTRY                   ADDRESS         REF BY
           =====                   =======         ======
           Logo                    00000080 
    -------------------------------------------------------------------------
CODE
  Relative segment, address: CODE 000010A8 - 000010C9 (0x22 bytes), align: 1
  Segment part 13.            Intra module refs:   Write_Cmd
                                                   Write_Data
           LOCAL                   ADDRESS         
           =====                   =======         
           Lcd_GetBusy             000010A8 
               RSTACK = 00000000 ( 00000002 )
    -------------------------------------------------------------------------
CODE
  Relative segment, address: CODE 000010CA - 000010EF (0x26 bytes), align: 1
  Segment part 14.            Intra module refs:   Clr_LCD
                                                   Display_Logo
                                                   LCD_Init
                                                   Set_Cursor
           ENTRY                   ADDRESS         REF BY
           =====                   =======         ======
           Write_Cmd               000010CA 
               calls direct
               CSTACK = 00000000 ( 00000001 )
               RSTACK = 00000000 ( 00000002 )
    -------------------------------------------------------------------------
CODE
  Relative segment, address: CODE 000010F0 - 00001113 (0x24 bytes), align: 1
  Segment part 15.            Intra module refs:   Clr_LCD
                                                   Display_Chinese
                                                   Display_Logo
           ENTRY                   ADDRESS         REF BY
           =====                   =======         ======
           Write_Data              000010F0 
               calls direct
               CSTACK = 00000000 ( 00000001 )
               RSTACK = 00000000 ( 00000002 )
    -------------------------------------------------------------------------
CODE
  Relative segment, address: CODE 00001114 - 00001159 (0x46 bytes), align: 1
  Segment part 16.            Intra module refs:   Display_Chinese
           ENTRY                   ADDRESS         REF BY
           =====                   =======         ======
           Read_Data               00001114 
               RSTACK = 00000000 ( 00000002 )
    -------------------------------------------------------------------------
CODE
  Relative segment, address: CODE 0000115A - 00001179 (0x20 bytes), align: 1
  Segment part 17.            Intra module refs:   Display_Chinese
                                                   Display_Logo
           ENTRY                   ADDRESS         REF BY
           =====                   =======         ======
           Set_Cursor              0000115A 
               calls direct
               CSTACK = 00000000 ( 00000001 )
               RSTACK = 00000000 ( 00000002 )
    -------------------------------------------------------------------------
CODE
  Relative segment, address: CODE 0000117A - 000011B3 (0x3a bytes), align: 1
  Segment part 18.            Intra module refs:   LCD_Init
           ENTRY                   ADDRESS         REF BY
           =====                   =======         ======
           Clr_LCD                 0000117A        main (main)
               calls direct
               CSTACK = 00000000 ( 00000002 )
               RSTACK = 00000000 ( 00000002 )
    -------------------------------------------------------------------------
CODE
  Relative segment, address: CODE 000011B4 - 000011CF (0x1c bytes), align: 1
  Segment part 19.
           ENTRY                   ADDRESS         REF BY
           =====                   =======         ======
           LCD_Init                000011B4        main (main)
               calls direct
               RSTACK = 00000000 ( 00000002 )
    -------------------------------------------------------------------------
CODE
  Relative segment, address: CODE 000011D0 - 00001257 (0x88 bytes), align: 1
  Segment part 20.
           ENTRY                   ADDRESS         REF BY
           =====                   =======         ======
           Display_Logo            000011D0        main (main)
               calls direct
               CSTACK = 00000000 ( 00000004 )
               RSTACK = 00000000 ( 00000004 )
    -------------------------------------------------------------------------
CODE
  Relative segment, address: CODE 00001258 - 000014D7 (0x280 bytes), align: 1
  Segment part 21.
           ENTRY                   ADDRESS         REF BY
           =====                   =======         ======
           Display_Chinese         00001258        Display_Num (Menu)
                                                   Menu_Select (Menu)
               calls direct
               CSTACK = 00000000 ( 0000000B )
               RSTACK = 00000000 ( 00000004 )

    *************************************************************************

  FILE NAME : E:\³ÂÊÀºÀ\¹¤×÷\Î¢ÐÍ»úÆ÷ÈË\ÏîÄ¿¹¤³Ì\ÊÖ³Ö²Ù×÷ºÐ\³ÌÐòÎÄ¼þ\eRobo-100eRobo-100HandheldOperationBox\IAR_WorkSpace\Debug\Obj\list.r90
  PROGRAM MODULE, NAME : list

  SEGMENTS IN THE MODULE
  ======================
CODE
  Relative segment, address: CODE 000014D8 - 0000150D (0x36 bytes), align: 1
  Segment part 7.
           ENTRY                   ADDRESS         REF BY
           =====                   =======         ======
           vListInitialise         000014D8        prvInitialiseTaskLists (tasks)
               RSTACK = 00000000 ( 00000002 )
    -------------------------------------------------------------------------
CODE
  Relative segment, address: CODE 0000150E - 00001519 (0xc bytes), align: 1
  Segment part 8.
           ENTRY                   ADDRESS         REF BY
           =====                   =======         ======
           vListInitialiseItem     0000150E        prvInitialiseTCBVariables (tasks)
               RSTACK = 00000000 ( 00000002 )
    -------------------------------------------------------------------------
CODE
  Relative segment, address: CODE 0000151A - 00001563 (0x4a bytes), align: 1
  Segment part 9.
           ENTRY                   ADDRESS         REF BY
           =====                   =======         ======
           vListInsertEnd          0000151A        vTaskIncrementTick (tasks)
                                                   xTaskGenericCreate (tasks)
                                                   xTaskResumeAll (tasks)
               RSTACK = 00000000 ( 00000002 )
    -------------------------------------------------------------------------
CODE
  Relative segment, address: CODE 00001564 - 000015CF (0x6c bytes), align: 1
  Segment part 10.
           ENTRY                   ADDRESS         REF BY
           =====                   =======         ======
           vListInsert             00001564        prvAddCurrentTaskToDelayedList (tasks)
               RSTACK = 00000000 ( 00000002 )
    -------------------------------------------------------------------------
CODE
  Relative segment, address: CODE 000015D0 - 00001627 (0x58 bytes), align: 1
  Segment part 11.
           ENTRY                   ADDRESS         REF BY
           =====                   =======         ======
           vListRemove             000015D0        vTaskDelayUntil (tasks)
                                                   vTaskIncrementTick (tasks)
                                                   xTaskResumeAll (tasks)
               RSTACK = 00000000 ( 00000002 )

    *************************************************************************

  FILE NAME : E:\³ÂÊÀºÀ\¹¤×÷\Î¢ÐÍ»úÆ÷ÈË\ÏîÄ¿¹¤³Ì\ÊÖ³Ö²Ù×÷ºÐ\³ÌÐòÎÄ¼þ\eRobo-100eRobo-100HandheldOperationBox\IAR_WorkSpace\Debug\Obj\main.r90
  PROGRAM MODULE, NAME : main

  SEGMENTS IN THE MODULE
  ======================
NEAR_Z
  Relative segment, address: DATA 0000034F - 0000035A (0xc bytes), align: 0
  Segment part 14.            Intra module refs:   Control_task
           LOCAL                   ADDRESS         
           =====                   =======         
           Key                     0000034F 
    -------------------------------------------------------------------------
NEAR_Z
  Relative segment, address: DATA 0000035B - 0000037C (0x22 bytes), align: 0
  Segment part 15.            Intra module refs:   Control_task
           ENTRY                   ADDRESS         REF BY
           =====                   =======         ======
           Modbus_Reg              0000035B 
    -------------------------------------------------------------------------
NEAR_Z
  Relative segment, address: DATA 0000037D - 0000037E (0x2 bytes), align: 0
  Segment part 16.            Intra module refs:   Control_task
                                                   vApplicationIdleHook
           ENTRY                   ADDRESS         REF BY
           =====                   =======         ======
           pModbus_Reg             0000037D 
    -------------------------------------------------------------------------
NEAR_Z
  Relative segment, address: DATA 0000037F - 0000037F (0x1 bytes), align: 0
  Segment part 17.            Intra module refs:   Control_task
           ENTRY                   ADDRESS         REF BY
           =====                   =======         ======
           Time_Enable             0000037F        Menu_Select (Menu)
    -------------------------------------------------------------------------
NEAR_Z
  Relative segment, address: DATA 00000380 - 00000380 (0x1 bytes), align: 0
  Segment part 18.            Intra module refs:   Control_task
           ENTRY                   ADDRESS         REF BY
           =====                   =======         ======
           Time_Count              00000380        Menu_Select (Menu)
    -------------------------------------------------------------------------
CODE
  Relative segment, address: CODE 00001628 - 00001635 (0xe bytes), align: 1
  Segment part 20.
           ENTRY                   ADDRESS         REF BY
           =====                   =======         ======
           vApplicationIdleHook    00001628        prvIdleTask (tasks)
               calls direct
               RSTACK = 00000000 ( 00000002 )
    -------------------------------------------------------------------------
CODE
  Relative segment, address: CODE 00001636 - 00001653 (0x1e bytes), align: 1
  Segment part 21.            Intra module refs:   main
           ENTRY                   ADDRESS         REF BY
           =====                   =======         ======
           Modbus_Task             00001636 
               calls direct
               RSTACK = 00000000 ( 00000002 )
    -------------------------------------------------------------------------
NEAR_Z
  Relative segment, address: DATA 00000381 - 00000382 (0x2 bytes), align: 0
  Segment part 19.            Intra module refs:   Modbus_Task
           LOCAL                   ADDRESS         
           =====                   =======         
           Modbus_Task::Display_xLastWakeTime
                                   00000381 
    -------------------------------------------------------------------------
CODE
  Relative segment, address: CODE 00001654 - 000017D5 (0x182 bytes), align: 1
  Segment part 22.            Intra module refs:   main
           ENTRY                   ADDRESS         REF BY
           =====                   =======         ======
           Control_task            00001654 
               calls direct
               CSTACK = 00000000 ( 0000000C )
               RSTACK = 00000000 ( 00000002 )
    -------------------------------------------------------------------------
CODE
  Relative segment, address: CODE 000017D6 - 0000186B (0x96 bytes), align: 1
  Segment part 23.
           ENTRY                   ADDRESS         REF BY
           =====                   =======         ======
           main                    000017D6        ?cstartup_call_main (?C_STARTUP)
               calls direct
               CSTACK = 00000000 ( 00000007 )
               RSTACK = 00000000 ( 00000002 )
    -------------------------------------------------------------------------
NEAR_ID
  Relative segment, address: CODE 000036F0 - 000036F7 (0x8 bytes), align: 0
  Segment part 8.             Intra module refs:   Segment part 7
    -------------------------------------------------------------------------
INITTAB
  Relative segment, address: CODE 000036EA - 000036EF (0x6 bytes), align: 0
  Segment part 9.             Intra module refs:   Segment part 10
                                                   Segment part 7
                                                   Segment part 7 (tasks)
                                                   eMBState (mb_m)
                                                   uxCriticalNesting (port)
                                                   xMasterFuncHandlers (mb_m)
                                                   xNextTaskUnblockTime (tasks)
           ENTRY                   ADDRESS         REF BY
           =====                   =======         ======
           ?<Segment init: NEAR_I>
                                   000036EA 
    -------------------------------------------------------------------------
NEAR_ID
  Relative segment, address: CODE 000036F8 - 000036FE (0x7 bytes), align: 0
  Segment part 11.            Intra module refs:   Segment part 10
    -------------------------------------------------------------------------
NEAR_I
  Relative segment, address: DATA 00000190 - 00000197 (0x8 bytes), align: 0
  Segment part 7.             Intra module refs:   main
    -------------------------------------------------------------------------
NEAR_I
  Relative segment, address: DATA 00000198 - 0000019E (0x7 bytes), align: 0
  Segment part 10.            Intra module refs:   main

    *************************************************************************

  FILE NAME : E:\³ÂÊÀºÀ\¹¤×÷\Î¢ÐÍ»úÆ÷ÈË\ÏîÄ¿¹¤³Ì\ÊÖ³Ö²Ù×÷ºÐ\³ÌÐòÎÄ¼þ\eRobo-100eRobo-100HandheldOperationBox\IAR_WorkSpace\Debug\Obj\mb_m.r90
  PROGRAM MODULE, NAME : mb_m

  SEGMENTS IN THE MODULE
  ======================
NEAR_Z
  Relative segment, address: DATA 00000383 - 00000383 (0x1 bytes), align: 0
  Segment part 7.             Intra module refs:   ucMBMasterGetDestAddress
                                                   vMBMasterSetDestAddress
           LOCAL                   ADDRESS         
           =====                   =======         
           ucMBMasterDestAddress   00000383 
    -------------------------------------------------------------------------
NEAR_Z
  Relative segment, address: DATA 00000384 - 00000384 (0x1 bytes), align: 0
  Segment part 9.             Intra module refs:   vMBMasterSetCBRunInMasterMode
           LOCAL                   ADDRESS         
           =====                   =======         
           xMBRunInMasterMode      00000384 
    -------------------------------------------------------------------------
NEAR_Z
  Relative segment, address: DATA 00000385 - 00000385 (0x1 bytes), align: 0
  Segment part 10.            Intra module refs:   eMBMasterGetErrorType
                                                   vMBMasterSetErrorType
           LOCAL                   ADDRESS         
           =====                   =======         
           eMBMasterCurErrorType   00000385 
    -------------------------------------------------------------------------
NEAR_I
  Relative segment, address: DATA 0000019F - 0000019F (0x1 bytes), align: 0
  Segment part 11.            Intra module refs:   eMBMasterEnable
                                                   eMBMasterInit
                                                   eMBMasterPoll
           LOCAL                   ADDRESS         
           =====                   =======         
           eMBState                0000019F 
    -------------------------------------------------------------------------
NEAR_Z
  Relative segment, address: DATA 00000386 - 00000387 (0x2 bytes), align: 0
  Segment part 14.            Intra module refs:   eMBMasterInit
                                                   eMBMasterPoll
           LOCAL                   ADDRESS         
           =====                   =======         
           peMBMasterFrameSendCur
                                   00000386 
    -------------------------------------------------------------------------
NEAR_Z
  Relative segment, address: DATA 00000388 - 00000389 (0x2 bytes), align: 0
  Segment part 15.            Intra module refs:   eMBMasterEnable
                                                   eMBMasterInit
           LOCAL                   ADDRESS         
           =====                   =======         
           pvMBMasterFrameStartCur
                                   00000388 
    -------------------------------------------------------------------------
NEAR_Z
  Relative segment, address: DATA 0000038A - 0000038B (0x2 bytes), align: 0
  Segment part 16.            Intra module refs:   eMBMasterInit
           LOCAL                   ADDRESS         
           =====                   =======         
           pvMBMasterFrameStopCur
                                   0000038A 
    -------------------------------------------------------------------------
NEAR_Z
  Relative segment, address: DATA 0000038C - 0000038D (0x2 bytes), align: 0
  Segment part 17.            Intra module refs:   eMBMasterInit
                                                   eMBMasterPoll
           LOCAL                   ADDRESS         
           =====                   =======         
           peMBMasterFrameReceiveCur
                                   0000038C 
    -------------------------------------------------------------------------
NEAR_Z
  Relative segment, address: DATA 0000038E - 0000038F (0x2 bytes), align: 0
  Segment part 18.            Intra module refs:   eMBMasterInit
           LOCAL                   ADDRESS         
           =====                   =======         
           pvMBMasterFrameCloseCur
                                   0000038E 
    -------------------------------------------------------------------------
NEAR_Z
  Relative segment, address: DATA 00000390 - 00000391 (0x2 bytes), align: 0
  Segment part 19.            Intra module refs:   eMBMasterInit
           ENTRY                   ADDRESS         REF BY
           =====                   =======         ======
           pxMBMasterFrameCBByteReceived
                                   00000390        RXC_isr (portserial)
    -------------------------------------------------------------------------
NEAR_Z
  Relative segment, address: DATA 00000392 - 00000393 (0x2 bytes), align: 0
  Segment part 20.            Intra module refs:   eMBMasterInit
           ENTRY                   ADDRESS         REF BY
           =====                   =======         ======
           pxMBMasterFrameCBTransmitterEmpty
                                   00000392        TX_isr (portserial)
    -------------------------------------------------------------------------
NEAR_Z
  Relative segment, address: DATA 00000394 - 00000395 (0x2 bytes), align: 0
  Segment part 21.            Intra module refs:   eMBMasterInit
           ENTRY                   ADDRESS         REF BY
           =====                   =======         ======
           pxMBMasterPortCBTimerExpired
                                   00000394        prvvTIMERExpiredISR (porttimer)
    -------------------------------------------------------------------------
NEAR_I
  Relative segment, address: DATA 000001A0 - 000001B4 (0x15 bytes), align: 0
  Segment part 24.            Intra module refs:   eMBMasterPoll
           LOCAL                   ADDRESS         
           =====                   =======         
           xMasterFuncHandlers     000001A0 
    -------------------------------------------------------------------------
CODE
  Relative segment, address: CODE 0000186C - 000018FF (0x94 bytes), align: 1
  Segment part 31.
           ENTRY                   ADDRESS         REF BY
           =====                   =======         ======
           eMBMasterInit           0000186C        main (main)
               calls direct
               CSTACK = 00000000 ( 00000001 )
               RSTACK = 00000000 ( 00000002 )
    -------------------------------------------------------------------------
CODE
  Relative segment, address: CODE 00001900 - 00001925 (0x26 bytes), align: 1
  Segment part 33.
           ENTRY                   ADDRESS         REF BY
           =====                   =======         ======
           eMBMasterEnable         00001900        main (main)
               calls indirect
               CSTACK = 00000000 ( 00000001 )
               RSTACK = 00000000 ( 00000002 )
    -------------------------------------------------------------------------
CODE
  Relative segment, address: CODE 00001926 - 00001B45 (0x220 bytes), align: 1
  Segment part 35.            Intra module refs:   Segment part 42
           ENTRY                   ADDRESS         REF BY
           =====                   =======         ======
           eMBMasterPoll           00001926        Modbus_Task (main)
               calls direct and indirect
               CSTACK = 00000000 ( 00000006 )
               RSTACK = 00000000 ( 00000004 )
    -------------------------------------------------------------------------
NEAR_Z
  Relative segment, address: DATA 00000396 - 00000397 (0x2 bytes), align: 0
  Segment part 26.            Intra module refs:   eMBMasterPoll
           LOCAL                   ADDRESS         
           =====                   =======         
           eMBMasterPoll::ucMBFrame
                                   00000396 
    -------------------------------------------------------------------------
NEAR_Z
  Relative segment, address: DATA 00000398 - 00000398 (0x1 bytes), align: 0
  Segment part 27.            Intra module refs:   eMBMasterPoll
           LOCAL                   ADDRESS         
           =====                   =======         
           eMBMasterPoll::ucRcvAddress
                                   00000398 
    -------------------------------------------------------------------------
NEAR_Z
  Relative segment, address: DATA 00000399 - 00000399 (0x1 bytes), align: 0
  Segment part 28.            Intra module refs:   eMBMasterPoll
           LOCAL                   ADDRESS         
           =====                   =======         
           eMBMasterPoll::ucFunctionCode
                                   00000399 
    -------------------------------------------------------------------------
NEAR_Z
  Relative segment, address: DATA 0000039A - 0000039B (0x2 bytes), align: 0
  Segment part 29.            Intra module refs:   eMBMasterPoll
           LOCAL                   ADDRESS         
           =====                   =======         
           eMBMasterPoll::usLength
                                   0000039A 
    -------------------------------------------------------------------------
NEAR_Z
  Relative segment, address: DATA 0000039C - 0000039C (0x1 bytes), align: 0
  Segment part 30.            Intra module refs:   eMBMasterPoll
           LOCAL                   ADDRESS         
           =====                   =======         
           eMBMasterPoll::eException
                                   0000039C 
    -------------------------------------------------------------------------
CODE
  Relative segment, address: CODE 00001B46 - 00001B4B (0x6 bytes), align: 1
  Segment part 37.            Intra module refs:   eMBMasterPoll
           ENTRY                   ADDRESS         REF BY
           =====                   =======         ======
           vMBMasterSetCBRunInMasterMode
                                   00001B46 
               RSTACK = 00000000 ( 00000002 )
    -------------------------------------------------------------------------
CODE
  Relative segment, address: CODE 00001B4C - 00001B51 (0x6 bytes), align: 1
  Segment part 38.            Intra module refs:   eMBMasterPoll
           ENTRY                   ADDRESS         REF BY
           =====                   =======         ======
           ucMBMasterGetDestAddress
                                   00001B4C 
               RSTACK = 00000000 ( 00000002 )
    -------------------------------------------------------------------------
CODE
  Relative segment, address: CODE 00001B52 - 00001B57 (0x6 bytes), align: 1
  Segment part 39.            Intra module refs:   eMBMasterPoll
           ENTRY                   ADDRESS         REF BY
           =====                   =======         ======
           vMBMasterSetDestAddress
                                   00001B52        eMBMasterReqReadHoldingRegister (mbfuncholding_m)
                                                   eMBMasterReqWriteMultipleHoldingRegister (mbfuncholding_m)
               RSTACK = 00000000 ( 00000002 )
    -------------------------------------------------------------------------
CODE
  Relative segment, address: CODE 00001B58 - 00001B5D (0x6 bytes), align: 1
  Segment part 40.            Intra module refs:   eMBMasterPoll
           ENTRY                   ADDRESS         REF BY
           =====                   =======         ======
           eMBMasterGetErrorType   00001B58 
               RSTACK = 00000000 ( 00000002 )
    -------------------------------------------------------------------------
CODE
  Relative segment, address: CODE 00001B5E - 00001B63 (0x6 bytes), align: 1
  Segment part 41.            Intra module refs:   eMBMasterPoll
           ENTRY                   ADDRESS         REF BY
           =====                   =======         ======
           vMBMasterSetErrorType   00001B5E        xMBMasterRTUTimerExpired (mbrtu_m)
               RSTACK = 00000000 ( 00000002 )
    -------------------------------------------------------------------------
NEAR_ID
  Relative segment, address: CODE 000036FF - 000036FF (0x1 bytes), align: 0
  Segment part 12.            Intra module refs:   eMBState
    -------------------------------------------------------------------------
NEAR_ID
  Relative segment, address: CODE 00003700 - 00003714 (0x15 bytes), align: 0
  Segment part 25.            Intra module refs:   xMasterFuncHandlers
    -------------------------------------------------------------------------
SWITCH
  Relative segment, address: CODE 00000F64 - 00000F77 (0x14 bytes), align: 1
  Segment part 42.            Intra module refs:   eMBMasterPoll

    *************************************************************************

  FILE NAME : E:\³ÂÊÀºÀ\¹¤×÷\Î¢ÐÍ»úÆ÷ÈË\ÏîÄ¿¹¤³Ì\ÊÖ³Ö²Ù×÷ºÐ\³ÌÐòÎÄ¼þ\eRobo-100eRobo-100HandheldOperationBox\IAR_WorkSpace\Debug\Obj\mbcrc.r90
  PROGRAM MODULE, NAME : mbcrc

  SEGMENTS IN THE MODULE
  ======================
NEAR_F
  Relative segment, address: CODE 00000280 - 0000037F (0x100 bytes), align: 0
  Segment part 7.             Intra module refs:   usMBCRC16
           ENTRY                   ADDRESS         REF BY
           =====                   =======         ======
           aucCRCHi                00000280 
    -------------------------------------------------------------------------
NEAR_F
  Relative segment, address: CODE 00000380 - 0000047F (0x100 bytes), align: 0
  Segment part 8.             Intra module refs:   usMBCRC16
           ENTRY                   ADDRESS         REF BY
           =====                   =======         ======
           aucCRCLo                00000380 
    -------------------------------------------------------------------------
CODE
  Relative segment, address: CODE 00001B64 - 00001BAF (0x4c bytes), align: 1
  Segment part 9.
           ENTRY                   ADDRESS         REF BY
           =====                   =======         ======
           usMBCRC16               00001B64        eMBMasterRTUReceive (mbrtu_m)
                                                   eMBMasterRTUSend (mbrtu_m)
               RSTACK = 00000000 ( 00000002 )

    *************************************************************************

  FILE NAME : E:\³ÂÊÀºÀ\¹¤×÷\Î¢ÐÍ»úÆ÷ÈË\ÏîÄ¿¹¤³Ì\ÊÖ³Ö²Ù×÷ºÐ\³ÌÐòÎÄ¼þ\eRobo-100eRobo-100HandheldOperationBox\IAR_WorkSpace\Debug\Obj\mbfuncholding_m.r90
  PROGRAM MODULE, NAME : mbfuncholding_m

  SEGMENTS IN THE MODULE
  ======================
CODE
  Relative segment, address: CODE 00001BB0 - 00001C91 (0xe2 bytes), align: 1
  Segment part 7.
           ENTRY                   ADDRESS         REF BY
           =====                   =======         ======
           eMBMasterReqWriteMultipleHoldingRegister
                                   00001BB0        Control_task (main)
               calls direct
               CSTACK = 00000000 ( 0000000F )
               RSTACK = 00000000 ( 00000002 )
    -------------------------------------------------------------------------
CODE
  Relative segment, address: CODE 00001C92 - 00001D21 (0x90 bytes), align: 1
  Segment part 8.
           ENTRY                   ADDRESS         REF BY
           =====                   =======         ======
           eMBMasterFuncWriteMultipleHoldingRegister
                                   00001C92        Segment part 25 (mb_m)
               calls direct
               CSTACK = 00000000 ( 00000006 )
               RSTACK = 00000000 ( 00000002 )
    -------------------------------------------------------------------------
CODE
  Relative segment, address: CODE 00001D22 - 00001D8B (0x6a bytes), align: 1
  Segment part 9.
           ENTRY                   ADDRESS         REF BY
           =====                   =======         ======
           eMBMasterReqReadHoldingRegister
                                   00001D22        Control_task (main)
               calls direct
               CSTACK = 00000000 ( 0000000C )
               RSTACK = 00000000 ( 00000002 )
    -------------------------------------------------------------------------
CODE
  Relative segment, address: CODE 00001D8C - 00001E1F (0x94 bytes), align: 1
  Segment part 10.
           ENTRY                   ADDRESS         REF BY
           =====                   =======         ======
           eMBMasterFuncReadHoldingRegister
                                   00001D8C        Segment part 25 (mb_m)
               calls direct
               CSTACK = 00000000 ( 00000008 )
               RSTACK = 00000000 ( 00000002 )

    *************************************************************************

  FILE NAME : E:\³ÂÊÀºÀ\¹¤×÷\Î¢ÐÍ»úÆ÷ÈË\ÏîÄ¿¹¤³Ì\ÊÖ³Ö²Ù×÷ºÐ\³ÌÐòÎÄ¼þ\eRobo-100eRobo-100HandheldOperationBox\IAR_WorkSpace\Debug\Obj\mbrtu_m.r90
  PROGRAM MODULE, NAME : mbrtu_m

  SEGMENTS IN THE MODULE
  ======================
NEAR_Z
  Relative segment, address: DATA 0000039D - 0000039D (0x1 bytes), align: 0
  Segment part 7.             Intra module refs:   eMBMasterRTUSend
                                                   xMBMasterRTUReceiveFSM
                                                   xMBMasterRTUTimerExpired
                                                   xMBMasterRTUTransmitFSM
           LOCAL                   ADDRESS         
           =====                   =======         
           eSndState               0000039D 
    -------------------------------------------------------------------------
NEAR_Z
  Relative segment, address: DATA 0000039E - 0000039E (0x1 bytes), align: 0
  Segment part 9.             Intra module refs:   eMBMasterRTUSend
                                                   eMBMasterRTUStart
                                                   xMBMasterRTUReceiveFSM
                                                   xMBMasterRTUTimerExpired
           LOCAL                   ADDRESS         
           =====                   =======         
           eRcvState               0000039E 
    -------------------------------------------------------------------------
NEAR_Z
  Relative segment, address: DATA 0000039F - 000003AE (0x10 bytes), align: 0
  Segment part 10.            Intra module refs:   eMBMasterRTUSend
                                                   vMBMasterGetPDUSndBuf
                                                   xMBMasterRTUTransmitFSM
           LOCAL                   ADDRESS         
           =====                   =======         
           ucMasterRTUSndBuf       0000039F 
    -------------------------------------------------------------------------
NEAR_Z
  Relative segment, address: DATA 000003AF - 000003D2 (0x24 bytes), align: 0
  Segment part 11.            Intra module refs:   eMBMasterRTUReceive
                                                   xMBMasterRTUReceiveFSM
           LOCAL                   ADDRESS         
           =====                   =======         
           ucMasterRTURcvBuf       000003AF 
    -------------------------------------------------------------------------
NEAR_Z
  Relative segment, address: DATA 000003D3 - 000003D4 (0x2 bytes), align: 0
  Segment part 12.            Intra module refs:   usMBMasterGetPDUSndLength
                                                   vMBMasterSetPDUSndLength
           LOCAL                   ADDRESS         
           =====                   =======         
           usMasterSendPDULength   000003D3 
    -------------------------------------------------------------------------
NEAR_Z
  Relative segment, address: DATA 000003D5 - 000003D6 (0x2 bytes), align: 0
  Segment part 13.            Intra module refs:   eMBMasterRTUSend
                                                   xMBMasterRTUTransmitFSM
           LOCAL                   ADDRESS         
           =====                   =======         
           pucMasterSndBufferCur   000003D5 
    -------------------------------------------------------------------------
NEAR_Z
  Relative segment, address: DATA 000003D7 - 000003D8 (0x2 bytes), align: 0
  Segment part 14.            Intra module refs:   eMBMasterRTUSend
                                                   xMBMasterRTUTransmitFSM
           LOCAL                   ADDRESS         
           =====                   =======         
           usMasterSndBufferCount
                                   000003D7 
    -------------------------------------------------------------------------
NEAR_Z
  Relative segment, address: DATA 000003D9 - 000003DA (0x2 bytes), align: 0
  Segment part 15.            Intra module refs:   eMBMasterRTUReceive
                                                   xMBMasterRTUReceiveFSM
           LOCAL                   ADDRESS         
           =====                   =======         
           usMasterRcvBufferPos    000003D9 
    -------------------------------------------------------------------------
NEAR_Z
  Relative segment, address: DATA 000003DB - 000003DB (0x1 bytes), align: 0
  Segment part 16.            Intra module refs:   xMBMasterRTUTimerExpired
                                                   xMBMasterRTUTransmitFSM
                                                   xMBMasterRequestIsBroadcast
           LOCAL                   ADDRESS         
           =====                   =======         
           xFrameIsBroadcast       000003DB 
    -------------------------------------------------------------------------
NEAR_Z
  Relative segment, address: DATA 000003DC - 000003DC (0x1 bytes), align: 0
  Segment part 17.            Intra module refs:   xMBMasterRTUTimerExpired
           LOCAL                   ADDRESS         
           =====                   =======         
           eMasterCurTimerMode     000003DC 
    -------------------------------------------------------------------------
CODE
  Relative segment, address: CODE 00001E20 - 00001E93 (0x74 bytes), align: 1
  Segment part 18.
           ENTRY                   ADDRESS         REF BY
           =====                   =======         ======
           eMBMasterRTUInit        00001E20        eMBMasterInit (mb_m)
               calls direct
               CSTACK = 00000000 ( 00000007 )
               RSTACK = 00000000 ( 00000004 )
    -------------------------------------------------------------------------
CODE
  Relative segment, address: CODE 00001E94 - 00001EAF (0x1c bytes), align: 1
  Segment part 19.
           ENTRY                   ADDRESS         REF BY
           =====                   =======         ======
           eMBMasterRTUStart       00001E94        eMBMasterInit (mb_m)
               calls direct
               RSTACK = 00000000 ( 00000002 )
    -------------------------------------------------------------------------
CODE
  Relative segment, address: CODE 00001EB0 - 00001EC5 (0x16 bytes), align: 1
  Segment part 20.
           ENTRY                   ADDRESS         REF BY
           =====                   =======         ======
           eMBMasterRTUStop        00001EB0        eMBMasterInit (mb_m)
               calls direct
               RSTACK = 00000000 ( 00000002 )
    -------------------------------------------------------------------------
CODE
  Relative segment, address: CODE 00001EC6 - 00001F29 (0x64 bytes), align: 1
  Segment part 21.
           ENTRY                   ADDRESS         REF BY
           =====                   =======         ======
           eMBMasterRTUReceive     00001EC6        eMBMasterInit (mb_m)
               calls direct
               CSTACK = 00000000 ( 00000008 )
               RSTACK = 00000000 ( 00000002 )
    -------------------------------------------------------------------------
CODE
  Relative segment, address: CODE 00001F2A - 00001FE9 (0xc0 bytes), align: 1
  Segment part 22.
           ENTRY                   ADDRESS         REF BY
           =====                   =======         ======
           eMBMasterRTUSend        00001F2A        eMBMasterInit (mb_m)
               calls direct
               CSTACK = 00000000 ( 00000006 )
               RSTACK = 00000000 ( 00000002 )
    -------------------------------------------------------------------------
CODE
  Relative segment, address: CODE 00001FEA - 00002099 (0xb0 bytes), align: 1
  Segment part 23.
           ENTRY                   ADDRESS         REF BY
           =====                   =======         ======
           xMBMasterRTUReceiveFSM
                                   00001FEA        eMBMasterInit (mb_m)
               calls direct
               CSTACK = 00000000 ( 00000004 )
               RSTACK = 00000000 ( 00000002 )
    -------------------------------------------------------------------------
CODE
  Relative segment, address: CODE 0000209A - 00002129 (0x90 bytes), align: 1
  Segment part 24.
           ENTRY                   ADDRESS         REF BY
           =====                   =======         ======
           xMBMasterRTUTransmitFSM
                                   0000209A        eMBMasterInit (mb_m)
               calls direct
               CSTACK = 00000000 ( 00000001 )
               RSTACK = 00000000 ( 00000002 )
    -------------------------------------------------------------------------
CODE
  Relative segment, address: CODE 0000212A - 000021AF (0x86 bytes), align: 1
  Segment part 25.
           ENTRY                   ADDRESS         REF BY
           =====                   =======         ======
           xMBMasterRTUTimerExpired
                                   0000212A        eMBMasterInit (mb_m)
               calls direct
               CSTACK = 00000000 ( 00000001 )
               RSTACK = 00000000 ( 00000002 )
    -------------------------------------------------------------------------
CODE
  Relative segment, address: CODE 000021B0 - 000021BB (0xc bytes), align: 1
  Segment part 27.
           ENTRY                   ADDRESS         REF BY
           =====                   =======         ======
           vMBMasterGetPDUSndBuf   000021B0        eMBMasterFuncReadHoldingRegister (mbfuncholding_m)
                                                   eMBMasterFuncWriteMultipleHoldingRegister (mbfuncholding_m)
                                                   eMBMasterPoll (mb_m)
                                                   eMBMasterReqReadHoldingRegister (mbfuncholding_m)
                                                   eMBMasterReqWriteMultipleHoldingRegister (mbfuncholding_m)
               RSTACK = 00000000 ( 00000002 )
    -------------------------------------------------------------------------
CODE
  Relative segment, address: CODE 000021BC - 000021C5 (0xa bytes), align: 1
  Segment part 28.
           ENTRY                   ADDRESS         REF BY
           =====                   =======         ======
           vMBMasterSetPDUSndLength
                                   000021BC        eMBMasterReqReadHoldingRegister (mbfuncholding_m)
                                                   eMBMasterReqWriteMultipleHoldingRegister (mbfuncholding_m)
               RSTACK = 00000000 ( 00000002 )
    -------------------------------------------------------------------------
CODE
  Relative segment, address: CODE 000021C6 - 000021CF (0xa bytes), align: 1
  Segment part 29.
           ENTRY                   ADDRESS         REF BY
           =====                   =======         ======
           usMBMasterGetPDUSndLength
                                   000021C6        eMBMasterPoll (mb_m)
               RSTACK = 00000000 ( 00000002 )
    -------------------------------------------------------------------------
CODE
  Relative segment, address: CODE 000021D0 - 000021D5 (0x6 bytes), align: 1
  Segment part 31.
           ENTRY                   ADDRESS         REF BY
           =====                   =======         ======
           xMBMasterRequestIsBroadcast
                                   000021D0        eMBMasterFuncReadHoldingRegister (mbfuncholding_m)
                                                   eMBMasterFuncWriteMultipleHoldingRegister (mbfuncholding_m)
                                                   eMBMasterPoll (mb_m)
               RSTACK = 00000000 ( 00000002 )

    *************************************************************************

  FILE NAME : E:\³ÂÊÀºÀ\¹¤×÷\Î¢ÐÍ»úÆ÷ÈË\ÏîÄ¿¹¤³Ì\ÊÖ³Ö²Ù×÷ºÐ\³ÌÐòÎÄ¼þ\eRobo-100eRobo-100HandheldOperationBox\IAR_WorkSpace\Debug\Obj\mbutils.r90
  PROGRAM MODULE, NAME : mbutils

  SEGMENTS IN THE MODULE
  ======================
CODE
  Relative segment, address: CODE 000021D6 - 000021F3 (0x1e bytes), align: 1
  Segment part 7.
           ENTRY                   ADDRESS         REF BY
           =====                   =======         ======
           prveMBError2Exception   000021D6        eMBMasterFuncReadHoldingRegister (mbfuncholding_m)
                                                   eMBMasterFuncWriteMultipleHoldingRegister (mbfuncholding_m)
               RSTACK = 00000000 ( 00000002 )

    *************************************************************************

  FILE NAME : E:\³ÂÊÀºÀ\¹¤×÷\Î¢ÐÍ»úÆ÷ÈË\ÏîÄ¿¹¤³Ì\ÊÖ³Ö²Ù×÷ºÐ\³ÌÐòÎÄ¼þ\eRobo-100eRobo-100HandheldOperationBox\IAR_WorkSpace\Debug\Obj\Menu.r90
  PROGRAM MODULE, NAME : Menu

  SEGMENTS IN THE MODULE
  ======================
ABSOLUTE
  Relative segment, address: DATA 00000029 - 00000029 (0x1 bytes), align: 0
  Segment part 1. ROOT        Intra module refs:   Get_Key
           ENTRY                   ADDRESS         REF BY
           =====                   =======         ======
           _A_PIND                 00000029 
           LOCAL                   ADDRESS         
           =====                   =======         
           PIND                    00000029 
    -------------------------------------------------------------------------
ABSOLUTE
  Relative segment, address: DATA 00000026 - 00000026 (0x1 bytes), align: 0
  Segment part 2. ROOT        Intra module refs:   Get_Key
           ENTRY                   ADDRESS         REF BY
           =====                   =======         ======
           _A_PINC                 00000026 
           LOCAL                   ADDRESS         
           =====                   =======         
           PINC                    00000026 
    -------------------------------------------------------------------------
NEAR_Z
  Relative segment, address: DATA 000003DD - 000003DE (0x2 bytes), align: 0
  Segment part 9.             Intra module refs:   Menu_Select
           LOCAL                   ADDRESS         
           =====                   =======         
           Page_Old                000003DD 
    -------------------------------------------------------------------------
NEAR_Z
  Relative segment, address: DATA 000003DF - 000003E0 (0x2 bytes), align: 0
  Segment part 11.            Intra module refs:   Menu_Select
           LOCAL                   ADDRESS         
           =====                   =======         
           Page_Debug              000003DF 
    -------------------------------------------------------------------------
CODE
  Relative segment, address: CODE 000021F4 - 000023B1 (0x1be bytes), align: 1
  Segment part 18.            Intra module refs:   Segment part 21
                                                   Segment part 22
                                                   Segment part 23
           ENTRY                   ADDRESS         REF BY
           =====                   =======         ======
           Get_Key                 000021F4        Control_task (main)
               calls direct
               CSTACK = 00000000 ( 00000004 )
               RSTACK = 00000000 ( 00000002 )
    -------------------------------------------------------------------------
NEAR_F
  Relative segment, address: CODE 00000480 - 00000CEF (0x870 bytes), align: 0
  Segment part 12.            Intra module refs:   Menu_Select
           ENTRY                   ADDRESS         REF BY
           =====                   =======         ======
           Ch_lib                  00000480 
    -------------------------------------------------------------------------
NEAR_F
  Relative segment, address: CODE 00000CF0 - 00000D7F (0x90 bytes), align: 0
  Segment part 13.            Intra module refs:   Display_Num
                                                   Menu_Select
           ENTRY                   ADDRESS         REF BY
           =====                   =======         ======
           Pic_lib                 00000CF0 
    -------------------------------------------------------------------------
CODE
  Relative segment, address: CODE 000023B2 - 00002407 (0x56 bytes), align: 1
  Segment part 19.            Intra module refs:   Menu_Select
           ENTRY                   ADDRESS         REF BY
           =====                   =======         ======
           Display_Num             000023B2 
               calls direct
               CSTACK = 00000000 ( 00000007 )
               RSTACK = 00000000 ( 00000004 )
    -------------------------------------------------------------------------
NEAR_F
  Relative segment, address: CODE 00000D80 - 00000DA3 (0x24 bytes), align: 0
  Segment part 14.            Intra module refs:   Menu_Select
           ENTRY                   ADDRESS         REF BY
           =====                   =======         ======
           Page_Header             00000D80 
    -------------------------------------------------------------------------
NEAR_F
  Relative segment, address: CODE 00000DA4 - 00000F29 (0x186 bytes), align: 0
  Segment part 15.            Intra module refs:   Menu_Select
           ENTRY                   ADDRESS         REF BY
           =====                   =======         ======
           Page_Content            00000DA4 
    -------------------------------------------------------------------------
NEAR_F
  Relative segment, address: CODE 00000F2A - 00000F5B (0x32 bytes), align: 0
  Segment part 16.            Intra module refs:   Menu_Select
           ENTRY                   ADDRESS         REF BY
           =====                   =======         ======
           Page_Bottom             00000F2A 
    -------------------------------------------------------------------------
NEAR_F
  Relative segment, address: CODE 00000F5C - 00000F63 (0x8 bytes), align: 0
  Segment part 17.            Intra module refs:   Menu_Select
           ENTRY                   ADDRESS         REF BY
           =====                   =======         ======
           Swing                   00000F5C 
    -------------------------------------------------------------------------
CODE
  Relative segment, address: CODE 00002408 - 000027D9 (0x3d2 bytes), align: 1
  Segment part 20.
           ENTRY                   ADDRESS         REF BY
           =====                   =======         ======
           Menu_Select             00002408        vApplicationIdleHook (main)
               calls direct
               CSTACK = 00000000 ( 00000007 )
               RSTACK = 00000000 ( 00000004 )
    -------------------------------------------------------------------------
SWITCH
  Relative segment, address: CODE 00000F78 - 00000FA9 (0x32 bytes), align: 1
  Segment part 21.            Intra module refs:   Get_Key
    -------------------------------------------------------------------------
SWITCH
  Relative segment, address: CODE 00000FAA - 00000FDB (0x32 bytes), align: 1
[...]
    -------------------------------------------------------------------------
CODE
  Relative segment, address: CODE 0000363C - 0000363D (0x2 bytes), align: 1
  Segment part 11.            Intra module refs:   ?EPILOGUE_B6_L09
           ENTRY                   ADDRESS         REF BY
           =====                   =======         ======
           ?EPILOGUE_B5_L09        0000363C 
    -------------------------------------------------------------------------
CODE
  Relative segment, address: CODE 0000363E - 0000363F (0x2 bytes), align: 1
  Segment part 12.            Intra module refs:   ?EPILOGUE_B5_L09
           ENTRY                   ADDRESS         REF BY
           =====                   =======         ======
           ?EPILOGUE_B4_L09        0000363E        Display_Logo (LCD12864)
                                                   Get_Key (Menu)
                                                   eMBMasterFuncWriteMultipleHoldingRegister (mbfuncholding_m)
                                                   eMBMasterPoll (mb_m)
                                                   prvInitialiseTCBVariables (tasks)
                                                   pvPortMalloc (heap_1)
                                                   xTaskResumeAll (tasks)
    -------------------------------------------------------------------------
CODE
  Relative segment, address: CODE 00003640 - 00003641 (0x2 bytes), align: 1
  Segment part 13.            Intra module refs:   ?EPILOGUE_B4_L09
           ENTRY                   ADDRESS         REF BY
           =====                   =======         ======
           ?EPILOGUE_B3_L09        00003640        xMBMasterRTUReceiveFSM (mbrtu_m)
    -------------------------------------------------------------------------
CODE
  Relative segment, address: CODE 00003642 - 00003643 (0x2 bytes), align: 1
  Segment part 14.            Intra module refs:   ?EPILOGUE_B3_L09
           ENTRY                   ADDRESS         REF BY
           =====                   =======         ======
           ?EPILOGUE_B2_L09        00003642 
    -------------------------------------------------------------------------
CODE
  Relative segment, address: CODE 00003644 - 00003645 (0x2 bytes), align: 1
  Segment part 15.            Intra module refs:   ?EPILOGUE_B2_L09
           ENTRY                   ADDRESS         REF BY
           =====                   =======         ======
           ?EPILOGUE_B1_L09        00003644 
    -------------------------------------------------------------------------
CODE
  Relative segment, address: CODE 00003646 - 0000364F (0xa bytes), align: 1
  Segment part 16.            Intra module refs:   ?EPILOGUE_B1_L09
           ENTRY                   ADDRESS         REF BY
           =====                   =======         ======
           ?EPILOGUE_B0_L09        00003646 

    -------------------------------------------------------------------------
  LIBRARY MODULE, NAME : ?REGISTER_CGREGR4_L10

  SEGMENTS IN THE MODULE
  ======================
CODE
  Relative segment, address: CODE 00003650, align: 1
  Segment part 0.
           ENTRY                   ADDRESS         REF BY
           =====                   =======         ======
           ?Register_R4_is_cg_reg
                                   00003650        Display_Chinese (LCD12864)
                                                   Display_Num (Menu)
                                                   Menu_Select (Menu)
                                                   eMBMasterFuncReadHoldingRegister (mbfuncholding_m)
                                                   eMBMasterRTUInit (mbrtu_m)
                                                   eMBMasterRTUReceive (mbrtu_m)
                                                   eMBMasterRTUSend (mbrtu_m)
                                                   eMBMasterReqReadHoldingRegister (mbfuncholding_m)
                                                   eMBMasterReqWriteMultipleHoldingRegister (mbfuncholding_m)
                                                   prvAllocateTCBAndStack (tasks)
                                                   vTaskDelayUntil (tasks)
                                                   xTaskGenericCreate (tasks)

    -------------------------------------------------------------------------
  LIBRARY MODULE, NAME : ?REGISTER_CGREGR5_L10

  SEGMENTS IN THE MODULE
  ======================
CODE
  Relative segment, address: CODE 00003650, align: 1
  Segment part 0.
           ENTRY                   ADDRESS         REF BY
           =====                   =======         ======
           ?Register_R5_is_cg_reg
                                   00003650        Display_Chinese (LCD12864)
                                                   Display_Num (Menu)
                                                   Menu_Select (Menu)
                                                   eMBMasterFuncReadHoldingRegister (mbfuncholding_m)
                                                   eMBMasterRTUInit (mbrtu_m)
                                                   eMBMasterRTUSend (mbrtu_m)
                                                   eMBMasterReqReadHoldingRegister (mbfuncholding_m)
                                                   eMBMasterReqWriteMultipleHoldingRegister (mbfuncholding_m)
                                                   prvAllocateTCBAndStack (tasks)

    -------------------------------------------------------------------------
  LIBRARY MODULE, NAME : ?REGISTER_CGREGR6_L10

  SEGMENTS IN THE MODULE
  ======================
CODE
  Relative segment, address: CODE 00003650, align: 1
  Segment part 0.
           ENTRY                   ADDRESS         REF BY
           =====                   =======         ======
           ?Register_R6_is_cg_reg
                                   00003650        Display_Chinese (LCD12864)
                                                   Display_Num (Menu)
                                                   eMBMasterRTUInit (mbrtu_m)
                                                   eMBMasterRTUReceive (mbrtu_m)
                                                   eMBMasterReqWriteMultipleHoldingRegister (mbfuncholding_m)
                                                   vTaskDelayUntil (tasks)
                                                   xTaskGenericCreate (tasks)

    -------------------------------------------------------------------------
  LIBRARY MODULE, NAME : ?REGISTER_CGREGR7_L10

  SEGMENTS IN THE MODULE
  ======================
CODE
  Relative segment, address: CODE 00003650, align: 1
  Segment part 0.
           ENTRY                   ADDRESS         REF BY
           =====                   =======         ======
           ?Register_R7_is_cg_reg
                                   00003650        Display_Chinese (LCD12864)
                                                   eMBMasterRTUReceive (mbrtu_m)
                                                   eMBMasterReqWriteMultipleHoldingRegister (mbfuncholding_m)
                                                   vTaskDelayUntil (tasks)
                                                   xTaskGenericCreate (tasks)

    -------------------------------------------------------------------------
  LIBRARY MODULE, NAME : ?REGISTER_CGREGR8_L10

  SEGMENTS IN THE MODULE
  ======================
CODE
  Relative segment, address: CODE 00003650, align: 1
  Segment part 0.
           ENTRY                   ADDRESS         REF BY
           =====                   =======         ======
           ?Register_R8_is_cg_reg
                                   00003650        Display_Chinese (LCD12864)
                                                   eMBMasterReqWriteMultipleHoldingRegister (mbfuncholding_m)
                                                   xTaskGenericCreate (tasks)

    -------------------------------------------------------------------------
  LIBRARY MODULE, NAME : ?REGISTER_CGREGR9_L10

  SEGMENTS IN THE MODULE
  ======================
CODE
  Relative segment, address: CODE 00003650, align: 1
  Segment part 0.
           ENTRY                   ADDRESS         REF BY
           =====                   =======         ======
           ?Register_R9_is_cg_reg
                                   00003650        Display_Chinese (LCD12864)
                                                   xTaskGenericCreate (tasks)

    -------------------------------------------------------------------------
  LIBRARY MODULE, NAME : ?REGISTER_CGREGR10_L10

  SEGMENTS IN THE MODULE
  ======================
CODE
  Relative segment, address: CODE 00003650, align: 1
  Segment part 0.
           ENTRY                   ADDRESS         REF BY
           =====                   =======         ======
           ?Register_R10_is_cg_reg
                                   00003650        Display_Chinese (LCD12864)
                                                   xTaskGenericCreate (tasks)

    -------------------------------------------------------------------------
  LIBRARY MODULE, NAME : ?REGISTER_CGREGR11_L10

  SEGMENTS IN THE MODULE
  ======================
CODE
  Relative segment, address: CODE 00003650, align: 1
  Segment part 0.
           ENTRY                   ADDRESS         REF BY
           =====                   =======         ======
           ?Register_R11_is_cg_reg
                                   00003650        xTaskGenericCreate (tasks)

    -------------------------------------------------------------------------
  LIBRARY MODULE, NAME : ?REGISTER_CGREGR12_L10

  SEGMENTS IN THE MODULE
  ======================
CODE
  Relative segment, address: CODE 00003650, align: 1
  Segment part 0.
           ENTRY                   ADDRESS         REF BY
           =====                   =======         ======
           ?Register_R12_is_cg_reg
                                   00003650        xTaskGenericCreate (tasks)

    -------------------------------------------------------------------------
  LIBRARY MODULE, NAME : ?REGISTER_CGREGR13_L10

  SEGMENTS IN THE MODULE
  ======================
CODE
  Relative segment, address: CODE 00003650, align: 1
  Segment part 0.
           ENTRY                   ADDRESS         REF BY
           =====                   =======         ======
           ?Register_R13_is_cg_reg
                                   00003650        xTaskGenericCreate (tasks)

    -------------------------------------------------------------------------
  LIBRARY MODULE, NAME : ?low_level_init

  SEGMENTS IN THE MODULE
  ======================
CODE
  Relative segment, address: CODE 00003650 - 00003653 (0x4 bytes), align: 1
  Segment part 3.
           ENTRY                   ADDRESS         REF BY
           =====                   =======         ======
           __low_level_init        00003650        ?call_low_level_init (?C_STARTUP)
               RSTACK = 00000000 ( 00000002 )

    -------------------------------------------------------------------------
  LIBRARY MODULE, NAME : ?memset

  SEGMENTS IN THE MODULE
  ======================
CODE
  Relative segment, address: CODE 00003654 - 00003665 (0x12 bytes), align: 1
  Segment part 3.
           ENTRY                   ADDRESS         REF BY
           =====                   =======         ======
           memset                  00003654        prvAllocateTCBAndStack (tasks)
               RSTACK = 00000000 ( 00000002 )

    -------------------------------------------------------------------------
  LIBRARY MODULE, NAME : ?segment_init

  SEGMENTS IN THE MODULE
  ======================
CODE
  Relative segment, address: CODE 00003666 - 0000366D (0x8 bytes), align: 1
  Segment part 3.             Intra module refs:   __segment_init
           LOCAL                   ADDRESS         
           =====                   =======         
           __memclr                00003666 
               RSTACK = 00000000 ( 00000002 )
    -------------------------------------------------------------------------
CODE
  Relative segment, address: CODE 0000366E - 00003675 (0x8 bytes), align: 1
  Segment part 4.             Intra module refs:   __segment_init
           LOCAL                   ADDRESS         
           =====                   =======         
           __flashcpy              0000366E 
               RSTACK = 00000000 ( 00000002 )
    -------------------------------------------------------------------------
CODE
  Relative segment, address: CODE 00003676 - 00003681 (0xc bytes), align: 1
  Segment part 5.             Intra module refs:   __flashcpy
                                                   __memclr
    -------------------------------------------------------------------------
CODE
  Relative segment, address: CODE 00003682 - 000036B5 (0x34 bytes), align: 1
  Segment part 6.
           ENTRY                   ADDRESS         REF BY
           =====                   =======         ======
           __segment_init          00003682        ?need_segment_init (?C_STARTUP)
               calls direct
               RSTACK = 00000000 ( 00000002 )

    -------------------------------------------------------------------------
  LIBRARY MODULE, NAME : ?strncpy

  SEGMENTS IN THE MODULE
  ======================
CODE
  Relative segment, address: CODE 000036B6 - 000036D9 (0x24 bytes), align: 1
  Segment part 3.
           ENTRY                   ADDRESS         REF BY
           =====                   =======         ======
           strncpy                 000036B6        prvInitialiseTCBVariables (tasks)
               CSTACK = 00000000 ( 00000004 )
               RSTACK = 00000000 ( 00000002 )
    -------------------------------------------------------------------------
CODE
  Relative segment, address: CODE 000036DA - 000036E3 (0xa bytes), align: 1
  Segment part 4.             Intra module refs:   strncpy

    *************************************************************************

  DEFINED ABSOLUTE ENTRIES
  PROGRAM MODULE, NAME : ?FILLER_BYTES

  SEGMENTS IN THE MODULE
  ======================
INTVEC
  Common segment, address: CODE 00000000 - 00000003 (0x4 bytes), align: 0
  Segment part 4.
    -------------------------------------------------------------------------
?FILL4
  Relative segment, address: CODE 0000005C - 0000007F (0x24 bytes), align: 0
  Segment part 3.
    -------------------------------------------------------------------------
?FILL3
  Relative segment, address: CODE 00000048 - 00000053 (0xc bytes), align: 0
  Segment part 2.
    -------------------------------------------------------------------------
?FILL2
  Relative segment, address: CODE 00000034 - 00000043 (0x10 bytes), align: 0
  Segment part 1.
    -------------------------------------------------------------------------
?FILL1
  Relative segment, address: CODE 00000004 - 0000002F (0x2c bytes), align: 0
  Segment part 0.




                ****************************************
                *                                      *
                *            MODULE SUMMARY            *
                *                                      *
                ****************************************

Module                  CODE           DATA
------                  ----           ----
                     (Rel)  (Abs)  (Rel)  (Abs)
?C_STARTUP              36
?EPILOGUE_B_L09         38
?FILLER_BYTES          108
  + common               4
?L_SHL_L03              14
?PROLOGUE_L09           30
?RESET
  + common               4
?S_EC_MUL_L02           16
?UL_DIVMOD_L03          70
?UL_SHR_L03             14
?US_SHR_L02             10
?__exit                  6
?low_level_init          4
?memset                 18
?segment_init           80
?strncpy                46
?xV_SWITCH_L06         156
IO_Port                 48                    2
  + shared                                    4
LCD12864             1 584                    1
Menu                 4 448             4      2
SN74HC573               28             1
User_Modbus_API         42
heap_1                 106           402
  + shared               6
list                   336
main                   595            67
  + shared               6
mb_m                   802            48
mbcrc                  588
mbfuncholding_m        624
mbrtu_m                950            64
mbutils                 30
port                   361             1      4
portevent_m            126             4
portmacro              474     16
portserial             302                    6
  + shared                                    1
porttimer              288             3      4
tasks                1 699            96
N/A (command line)                   144
N/A (alignment)
----------          ------     --    ---     --
Total:              14 089     16    834     24
  + common               4


                ****************************************
                *                                      *
                *      SEGMENTS IN ADDRESS ORDER       *
                *                                      *
                ****************************************


SEGMENT              SPACE    START ADDRESS   END ADDRESS     SIZE  TYPE  ALIGN
=======              =====    =============   ===========     ====  ====  =====
INTVEC               CODE          00000000 - 00000003           4   com    1
?FILL1               CODE          00000004 - 0000002F          2C   rel    0
?FILL2               CODE          00000034 - 00000043          10   rel    0
?FILL3               CODE          00000048 - 00000053           C   rel    0
?FILL4               CODE          0000005C - 0000007F          24   rel    0
NEAR_F               CODE          00000080 - 00000F63         EE4   rel    0
SWITCH               CODE          00000F64 - 0000100D          AA   rel    1
CODE                 CODE          0000100E - 000036E3        26D6   rel    1
INITTAB              CODE          000036E4 - 000036EF           C   rel    0
NEAR_ID              CODE          000036F0 - 0000371C          2D   rel    0
ABSOLUTE             DATA               0000001F                     rel    0
                     DATA               00000020                   
                     DATA               00000021                   
                     DATA               00000022                   
                     DATA          00000023 - 0000002B           9 
                     DATA          00000044 - 00000046           3 
                     DATA          0000005F - 0000005F           1 
                     DATA          0000006E - 0000006F           2 
                     DATA          00000081 - 00000081           1 
                     DATA          00000088 - 00000089           2 
                     DATA          000000C0 - 000000C2           3 
                     DATA          000000C4 - 000000C6           3 
CSTACK               DATA          00000100 - 0000014F          50   dse    0
RSTACK               DATA          00000150 - 0000018F          40   dse    0
NEAR_I               DATA          00000190 - 000001BC          2D   rel    0
NEAR_Z               DATA          000001BD - 00000441         285   rel    0
                     CODE          00000030 - 00000033           4  aseg  
                     CODE          00000044 - 00000047           4  aseg  
                     CODE          00000054 - 0000005B           8  aseg  

                ****************************************
                *                                      *
                *        END OF CROSS REFERENCE        *
                *                                      *
                ****************************************

 13 985 bytes of CODE memory (+ 16 absolute, 108 range fill )
    834 bytes of DATA memory (+ 24 absolute  )

Errors: none
Warnings: none

